******************************************************************************
                  TI ARM Linker PC v15.12.3                    
******************************************************************************
>> Linked Tue Sep 13 00:41:01 2016

OUTPUT FILE NAME:   <usb_dev_bulk.out>
ENTRY POINT SYMBOL: "_c_int00"  address: 00001e95


MEMORY CONFIGURATION

         name            origin    length      used     unused   attr    fill
----------------------  --------  ---------  --------  --------  ----  --------
  FLASH                 00000000   00040000  00003032  0003cfce  R  X
  SRAM                  20000000   00008000  00000c70  00007390  RW X


SEGMENT ALLOCATION MAP

run origin  load origin   length   init length attrs members
----------  ----------- ---------- ----------- ----- -------
00000000    00000000    00003034   00003034    r-x
  00000000    00000000    0000026c   0000026c    r-- .intvecs
  0000026c    0000026c    00002952   00002952    r-x .text
  00002bc0    00002bc0    000003d8   000003d8    r-- .const
  00002f98    00002f98    0000009c   0000009c    r-- .cinit
20000000    20000000    00000c70   00000000    rw-
  20000000    20000000    000007a0   00000000    rw- .bss
  200007a0    200007a0    00000400   00000000    rw- .stack
  20000ba0    20000ba0    000000d0   00000000    rw- .data


SECTION ALLOCATION MAP

 output                                  attributes/
section   page    origin      length       input sections
--------  ----  ----------  ----------   ----------------
.intvecs   0    00000000    0000026c     
                  00000000    0000026c     startup_ccs.obj (.intvecs)

.text      0    0000026c    00002952     
                  0000026c    0000021c     usb_dev_bulk.obj (.text:main)
                  00000488    0000021a     uartstdio.obj (.text:UARTprintf)
                  000006a2    00000002     startup_ccs.obj (.text:FaultISR)
                  000006a4    000001d8     driverlib-cm4f.lib : sysctl.obj (.text:SysCtlClockGet)
                  0000087c    00000188     usblib-cm4f.lib : usbdconfig.obj (.text:USBDeviceConfig)
                  00000a04    00000160     uartstdio.obj (.text:UARTStdioIntHandler)
                  00000b64    00000160     usblib-cm4f.lib : usbdenum.obj (.text:USBDEP0StateTxConfig)
                  00000cc4    000000f4                     : usbdenum.obj (.text:USBDCDInit)
                  00000db8    000000d4                     : usbdenum.obj (.text:USBDeviceEnumHandler)
                  00000e8c    000000d0                     : usbdenum.obj (.text:USBDGetDescriptor)
                  00000f5c    000000bc                     : usbdconfig.obj (.text:USBDeviceConfigAlternate)
                  00001018    000000b4                     : usbbuffer.obj (.text:HandleRxAvailable)
                  000010cc    000000b0     uartstdio.obj (.text:UARTStdioConfig)
                  0000117c    000000a8     uartstdio.obj (.text:UARTwrite)
                  00001224    000000a4     usblib-cm4f.lib : usbdenum.obj (.text:USBDeviceIntHandlerInternal)
                  000012c8    000000a2                     : usbbuffer.obj (.text:ScheduleNextTransmission)
                  0000136a    0000009c     rtsv7M4_T_le_v4SPD16_eabi.lib : memcpy_t2.obj (.text)
                  00001406    00000002     startup_ccs.obj (.text:IntDefaultHandler)
                  00001408    00000094     driverlib-cm4f.lib : sysctl.obj (.text:SysCtlPeripheralReset)
                  0000149c    00000090     usb_dev_bulk.obj (.text:EchoNewDataToHost)
                  0000152c    0000008c     uartstdio.obj (.text:UARTPrimeTransmit)
                  000015b8    00000084     usblib-cm4f.lib : usbdenum.obj (.text:USBDClearFeature)
                  0000163c    00000084                     : usbdenum.obj (.text:USBDSetConfiguration)
                  000016c0    00000084                     : usbdenum.obj (.text:USBDSetInterface)
                  00001744    00000080     usb_dev_bulk.obj (.text:RxHandler)
                  000017c4    0000007a     rtsv7M4_T_le_v4SPD16_eabi.lib : memset_t2.obj (.text)
                  0000183e    00000002     startup_ccs.obj (.text:NmiSR)
                  00001840    00000078     usblib-cm4f.lib : usbdenum.obj (.text:USBDGetStatus)
                  000018b8    00000076     driverlib-cm4f.lib : usb.obj (.text:USBDevEndpointConfigSet)
                  0000192e    00000002     rtsv7M4_T_le_v4SPD16_eabi.lib : i_div0.obj (.text)
                  00001930    00000070     usblib-cm4f.lib : usbdbulk.obj (.text:USBDBulkCompositeInit)
                  000019a0    00000070     rtsv7M4_T_le_v4SPD16_eabi.lib : autoinit.obj (.text)
                  00001a10    0000006c     usblib-cm4f.lib : usbdenum.obj (.text:USBDSetFeature)
                  00001a7c    0000006a     rtsv7M4_T_le_v4SPD16_eabi.lib : copy_decompress_rle.obj (.text)
                  00001ae6    00000068     usblib-cm4f.lib : usbdbulk.obj (.text:USBDBulkPacketRead)
                  00001b4e    00000002     rtsv7M4_T_le_v4SPD16_eabi.lib : mpu_init.obj (.text)
                  00001b50    00000068     usblib-cm4f.lib : usbdenum.obj (.text:USBDEP0StateTx)
                  00001bb8    00000064     driverlib-cm4f.lib : interrupt.obj (.text:IntEnable)
                  00001c1c    00000060     usblib-cm4f.lib : usbbuffer.obj (.text:USBBufferEventCallback)
                  00001c7c    0000005e     driverlib-cm4f.lib : usb.obj (.text:USBDevEndpointStatusClear)
                  00001cda    00000002     rtsv7M4_T_le_v4SPD16_eabi.lib : startup.obj (.text)
                  00001cdc    0000005c     usblib-cm4f.lib : usbdbulk.obj (.text:ProcessDataFromHost)
                  00001d38    00000058     driverlib-cm4f.lib : sysctl.obj (.text:SysCtlPeripheralEnable)
                  00001d90    00000058     usblib-cm4f.lib : usbdenum.obj (.text:USBDReadAndDispatchRequest)
                  00001de8    00000058                     : usbdenum.obj (.text:USBDStringIndexFromRequest)
                  00001e40    00000054                     : usbdconfig.obj (.text:GetEPDescriptorType)
                  00001e94    00000054     rtsv7M4_T_le_v4SPD16_eabi.lib : boot.obj (.text)
                  00001ee8    00000054                                   : exit.obj (.text)
                  00001f3c    00000050     usblib-cm4f.lib : usbdcdesc.obj (.text:USBDCDConfigDescGet)
                  00001f8c    00000050     driverlib-cm4f.lib : usb.obj (.text:USBDevEndpointStallClear)
                  00001fdc    0000004e     usblib-cm4f.lib : usbdcdesc.obj (.text:ConfigAlternateInterfaceGet)
                  0000202a    00000002     --HOLE-- [fill = 0]
                  0000202c    0000004c     rtsv7M4_T_le_v4SPD16_eabi.lib : cpy_tbl.obj (.text)
                  00002078    0000004a     usblib-cm4f.lib : usbdbulk.obj (.text:USBDBulkPacketWrite)
                  000020c2    00000002     --HOLE-- [fill = 0]
                  000020c4    00000048     driverlib-cm4f.lib : gpio.obj (.text:GPIOPinConfigure)
                  0000210c    00000048     usblib-cm4f.lib : usbdenum.obj (.text:USBDeviceResumeTickHandler)
                  00002154    00000046     driverlib-cm4f.lib : usb.obj (.text:USBFIFOConfigSet)
                  0000219a    00000002     --HOLE-- [fill = 0]
                  0000219c    00000044     usblib-cm4f.lib : usbdenum.obj (.text:USBDGetInterface)
                  000021e0    00000044     driverlib-cm4f.lib : usb.obj (.text:USBEndpointDataGet)
                  00002224    00000040     rtsv7M4_T_le_v4SPD16_eabi.lib : u_divt2.obj (.text)
                  00002264    0000003e     usblib-cm4f.lib : usbdconfig.obj (.text:GetEndpointFIFOSize)
                  000022a2    00000002     --HOLE-- [fill = 0]
                  000022a4    0000003c     uartstdio.obj (.text:UARTFlushTx)
                  000022e0    0000003a     usblib-cm4f.lib : usbdcdesc.obj (.text:USBDCDConfigGetInterfaceEndpoint)
                  0000231a    00000002     --HOLE-- [fill = 0]
                  0000231c    00000038                     : usbdenum.obj (.text:USBDGetConfiguration)
                  00002354    00000038     driverlib-cm4f.lib : usb.obj (.text:USBIntStatusControl)
                  0000238c    00000036     usblib-cm4f.lib : usbdcdesc.obj (.text:NextConfigDescGet)
                  000023c2    00000036     driverlib-cm4f.lib : usb.obj (.text:USBDevEndpointStall)
                  000023f8    00000036     usblib-cm4f.lib : usbringbuf.obj (.text:USBRingBufAdvanceWrite)
                  0000242e    00000002     --HOLE-- [fill = 0]
                  00002430    00000034                     : usbtick.obj (.text:InternalUSBStartOfFrameTick)
                  00002464    00000032                     : usbdenum.obj (.text:USBDeviceEnumResetHandler)
                  00002496    00000030                     : usbdbulk.obj (.text:HandleEndpoints)
                  000024c6    00000002     --HOLE-- [fill = 0]
                  000024c8    00000030                     : usbtick.obj (.text:InternalUSBTickInit)
                  000024f8    00000030     driverlib-cm4f.lib : usb.obj (.text:USBEndpointDataPut)
                  00002528    0000002e                        : usb.obj (.text:USBEndpointDataSend)
                  00002556    00000002     --HOLE-- [fill = 0]
                  00002558    0000002c     usblib-cm4f.lib : usbtick.obj (.text:InternalUSBRegisterTickHandler)
                  00002584    0000002c                     : usbdbulk.obj (.text:ProcessDataToHost)
                  000025b0    0000002c     uartstdio.obj (.text:UARTFlushRx)
                  000025dc    0000002c     usblib-cm4f.lib : usbdcdesc.obj (.text:USBDCDConfigDescGetNum)
                  00002608    0000002c                     : usbdesc.obj (.text:USBDescGet)
                  00002634    0000002a                     : usbdbulk.obj (.text:HandleDevice)
                  0000265e    00000028                     : usbdesc.obj (.text:USBDescGetNum)
                  00002686    00000002     --HOLE-- [fill = 0]
                  00002688    00000028     driverlib-cm4f.lib : usb.obj (.text:USBIntEnableControl)
                  000026b0    00000028     usblib-cm4f.lib : usbringbuf.obj (.text:UpdateIndexAtomic)
                  000026d8    00000024                     : usbbuffer.obj (.text:HandleRequestBuffer)
                  000026fc    00000024                     : usbdenum.obj (.text:USBDSetAddress)
                  00002720    00000024     driverlib-cm4f.lib : usb.obj (.text:USBDevEndpointDataAck)
                  00002744    00000022     usblib-cm4f.lib : usbdbulk.obj (.text:BulkTickHandler)
                  00002766    00000002     --HOLE-- [fill = 0]
                  00002768    00000020     uartstdio.obj (.text:UARTStdioInit)
                  00002788    00000020     usblib-cm4f.lib : usbmode.obj (.text:USBStackModeSet)
                  000027a8    0000001e                     : usbbuffer.obj (.text:HandleDataRemaining)
                  000027c6    0000001e                     : usbdbulk.obj (.text:USBDBulkRxPacketAvailable)
                  000027e4    0000001e     driverlib-cm4f.lib : usb.obj (.text:USBEndpointDataAvail)
                  00002802    0000001e     usblib-cm4f.lib : usbringbuf.obj (.text:USBRingBufAdvanceRead)
                  00002820    0000001c                     : usbdbulk.obj (.text:HandleConfigChange)
                  0000283c    0000001c                     : usbdbulk.obj (.text:HandleDisconnect)
                  00002858    0000001c                     : usbdbulk.obj (.text:SetDeferredOpFlag)
                  00002874    0000001c                     : usbdbulk.obj (.text:USBDBulkInit)
                  00002890    0000001c                     : usbdcdesc.obj (.text:USBDCDConfigGetInterface)
                  000028ac    0000001c                     : usbdenum.obj (.text:USBDCDStallEP0)
                  000028c8    0000001c                     : usbringbuf.obj (.text:USBRingBufContigFree)
                  000028e4    0000001a                     : usbringbuf.obj (.text:USBRingBufWrite)
                  000028fe    00000018     uartstdio.obj (.text:IsBufferFull)
                  00002916    00000002     --HOLE-- [fill = 0]
                  00002918    00000018     usblib-cm4f.lib : usbdhandler.obj (.text:USB0DeviceIntHandler)
                  00002930    00000018                     : usbdcdesc.obj (.text:USBDCDConfigDescGetSize)
                  00002948    00000018                     : usbdenum.obj (.text:USBDSetDescriptor)
                  00002960    00000018                     : usbdenum.obj (.text:USBDSyncFrame)
                  00002978    00000018     rtsv7M4_T_le_v4SPD16_eabi.lib : args_main.obj (.text)
                  00002990    00000016     usblib-cm4f.lib : usbbuffer.obj (.text:USBBufferInit)
                  000029a6    00000016     driverlib-cm4f.lib : usb.obj (.text:USBHostResume)
                  000029bc    00000016                        : usb.obj (.text:USBIndexWrite)
                  000029d2    00000016     usblib-cm4f.lib : usbringbuf.obj (.text:USBRingBufUsed)
                  000029e8    00000014     usb_dev_bulk.obj (.text:TxHandler)
                  000029fc    00000014     usblib-cm4f.lib : usbbuffer.obj (.text:USBBufferDataWritten)
                  00002a10    00000014     driverlib-cm4f.lib : usb.obj (.text:USBIntEnableEndpoint)
                  00002a24    00000014     usblib-cm4f.lib : usbringbuf.obj (.text:USBRingBufContigUsed)
                  00002a38    00000014                     : usbringbuf.obj (.text:USBRingBufFlush)
                  00002a4c    00000014     rtsv7M4_T_le_v4SPD16_eabi.lib : _lock.obj (.text)
                  00002a60    00000012     usblib-cm4f.lib : usbdbulk.obj (.text:HandleResume)
                  00002a72    00000012                     : usbdbulk.obj (.text:HandleSuspend)
                  00002a84    00000012                     : usbbuffer.obj (.text:HandleTxComplete)
                  00002a96    00000012     driverlib-cm4f.lib : usb.obj (.text:USBEndpointStatus)
                  00002aa8    00000012     usblib-cm4f.lib : usbringbuf.obj (.text:USBRingBufFree)
                  00002aba    00000012                     : usbringbuf.obj (.text:USBRingBufWriteOne)
                  00002acc    00000010     driverlib-cm4f.lib : sysctl.obj (.text:SysCtlUSBPLLEnable)
                  00002adc    00000010     usb_dev_bulk.obj (.text:SysTickIntHandler)
                  00002aec    00000010     usblib-cm4f.lib : usbdbulk.obj (.text:USBDBulkTxPacketAvailable)
                  00002afc    0000000e     uartstdio.obj (.text:IsBufferEmpty)
                  00002b0a    0000000e     usblib-cm4f.lib : usbbuffer.obj (.text:USBBufferInfoGet)
                  00002b18    0000000e     rtsv7M4_T_le_v4SPD16_eabi.lib : copy_decompress_none.obj (.text:decompress:none)
                  00002b26    0000000c     driverlib-cm4f.lib : cpu.obj (.text:CPUcpsid)
                  00002b32    0000000c                        : cpu.obj (.text:CPUcpsie)
                  00002b3e    0000000c                        : usb.obj (.text:USBIntStatusEndpoint)
                  00002b4a    0000000c     usblib-cm4f.lib : usbringbuf.obj (.text:USBRingBufInit)
                  00002b56    0000000a     driverlib-cm4f.lib : gpio.obj (.text:GPIOPinWrite)
                  00002b60    0000000a                        : interrupt.obj (.text:IntMasterDisable)
                  00002b6a    0000000a                        : interrupt.obj (.text:IntMasterEnable)
                  00002b74    0000000a                        : usb.obj (.text:USBDevConnect)
                  00002b7e    0000000a                        : usb.obj (.text:USBDevDisconnect)
                  00002b88    00000008                        : usb.obj (.text:USBDevMode)
                  00002b90    00000008                        : usb.obj (.text:USBOTGMode)
                  00002b98    00000006     startup_ccs.obj (.text:ResetISR)
                  00002b9e    00000006     driverlib-cm4f.lib : sysctl.obj (.text:SysCtlDelay)
                  00002ba4    00000006     usblib-cm4f.lib : usbbuffer.obj (.text:USBBufferFlush)
                  00002baa    00000006                     : usbbuffer.obj (.text:USBBufferSpaceAvailable)
                  00002bb0    00000006     rtsv7M4_T_le_v4SPD16_eabi.lib : copy_decompress_rle.obj (.text:decompress:rle24)
                  00002bb6    00000004     driverlib-cm4f.lib : usb.obj (.text:USBDevAddrSet)
                  00002bba    00000004     rtsv7M4_T_le_v4SPD16_eabi.lib : pre_init.obj (.text)

.const     0    00002bc0    000003d8     
                  00002bc0    00000078     driverlib-cm4f.lib : gpio.obj (.const:g_pulGPIOBaseAddrs)
                  00002c38    00000078     usblib-cm4f.lib : usbdenum.obj (.const:g_sUSBDefaultFIFOConfig)
                  00002cb0    00000070     driverlib-cm4f.lib : interrupt.obj (.const)
                  00002d20    0000006c                        : sysctl.obj (.const:g_pulXtals)
                  00002d8c    00000040                        : sysctl.obj (.const)
                  00002dcc    00000034     usblib-cm4f.lib : usbdenum.obj (.const:g_psUSBDStdRequests)
                  00002e00    00000034                     : usbdbulk.obj (.const)
                  00002e34    00000030     usb_bulk_structs.obj (.const:.string:g_pConfigString)
                  00002e64    00000028     usb_bulk_structs.obj (.const:.string:g_pDataInterfaceString)
                  00002e8c    00000028     usb_bulk_structs.obj (.const:.string:g_pProductString)
                  00002eb4    00000024     usb_bulk_structs.obj (.const:.string:g_pManufacturerString)
                  00002ed8    00000024     usb_bulk_structs.obj (.const:g_sBulkDevice)
                  00002efc    00000024     usb_bulk_structs.obj (.const:g_sRxBuffer)
                  00002f20    00000024     usb_bulk_structs.obj (.const:g_sTxBuffer)
                  00002f44    00000018     usb_bulk_structs.obj (.const:g_pStringDescriptors)
                  00002f5c    00000012     usb_bulk_structs.obj (.const:.string:g_pSerialNumberString)
                  00002f6e    00000002     --HOLE-- [fill = 0]
                  00002f70    0000000c     uartstdio.obj (.const:g_ulUARTBase)
                  00002f7c    0000000c     uartstdio.obj (.const:g_ulUARTInt)
                  00002f88    0000000c     uartstdio.obj (.const:g_ulUARTPeriph)
                  00002f94    00000004     usb_bulk_structs.obj (.const:.string:g_pLangDescriptor)

.cinit     0    00002f98    0000009c     
                  00002f98    00000071     (.cinit..data.load) [load image, compression = rle]
                  00003009    00000007     --HOLE-- [fill = 0]
                  00003010    0000000b     (.cinit..bss.load) [load image, compression = rle]
                  0000301b    00000001     --HOLE-- [fill = 0]
                  0000301c    00000008     (__TI_handler_table)
                  00003024    00000010     (__TI_cinit_table)

.init_array 
*          0    00000000    00000000     UNINITIALIZED

.bss       0    20000000    000007a0     UNINITIALIZED
                  20000000    00000400     uartstdio.obj (.bss:g_pcUARTTxBuffer)
                  20000400    00000100     (.common:g_pucUSBRxBuffer)
                  20000500    00000100     (.common:g_pucUSBTxBuffer)
                  20000600    00000080     uartstdio.obj (.bss:g_pcUARTRxBuffer)
                  20000680    00000054     usblib-cm4f.lib : usbdenum.obj (.bss:g_psUSBDevice)
                  200006d4    00000040                     : usbdenum.obj (.bss:g_pucDataBufferIn)
                  20000714    00000030                     : usbtick.obj (.bss)
                  20000744    00000018     (.common:g_pucRxBufferWorkspace)
                  2000075c    00000018     (.common:g_pucTxBufferWorkspace)
                  20000774    00000018     (.common:g_sBulkInstance)
                  2000078c    0000000c                     : usbmode.obj (.bss)
                  20000798    00000008     uartstdio.obj (.bss)

.stack     0    200007a0    00000400     UNINITIALIZED
                  200007a0    00000400     --HOLE--

.data      0    20000ba0    000000d0     UNINITIALIZED
                  20000ba0    0000004c     usblib-cm4f.lib : usbdbulk.obj (.data:g_sBulkDeviceInfo)
                  20000bec    00000024                     : usbdbulk.obj (.data)
                  20000c10    00000015     uartstdio.obj (.data)
                  20000c25    00000003     --HOLE--
                  20000c28    00000011     usb_dev_bulk.obj (.data)
                  20000c39    00000003     --HOLE--
                  20000c3c    0000000c     rtsv7M4_T_le_v4SPD16_eabi.lib : exit.obj (.data:$O1$$)
                  20000c48    0000000c     usblib-cm4f.lib : usbtick.obj (.data)
                  20000c54    00000009                     : usbmode.obj (.data)
                  20000c5d    00000003     --HOLE--
                  20000c60    00000008     rtsv7M4_T_le_v4SPD16_eabi.lib : _lock.obj (.data:$O1$$)
                  20000c68    00000004                                   : stkdepth_vars.obj (.data)
                  20000c6c    00000004     usblib-cm4f.lib : usbdenum.obj (.data)

MODULE SUMMARY

       Module                     code    ro data   rw data
       ------                     ----    -------   -------
    .\
       usb_bulk_structs.obj       0       318       584    
       usb_dev_bulk.obj           848     0         17     
       startup_ccs.obj            12      620       0      
    +--+--------------------------+-------+---------+---------+
       Total:                     860     938       601    
                                                           
    .\utils\
       uartstdio.obj              1548    36        1181   
    +--+--------------------------+-------+---------+---------+
       Total:                     1548    36        1181   
                                                           
    C:/StellarisWare/driverlib/ccs-cm4f/Debug/driverlib-cm4f.lib
       sysctl.obj                 730     172       0      
       usb.obj                    874     0         0      
       interrupt.obj              120     112       0      
       gpio.obj                   82      120       0      
       cpu.obj                    24      0         0      
    +--+--------------------------+-------+---------+---------+
       Total:                     1830    404       0      
                                                           
    C:/StellarisWare/usblib/ccs-cm4f/Debug/usblib-cm4f.lib
       usbdenum.obj               2442    172       152    
       usbdbulk.obj               744     52        112    
       usbdconfig.obj             726     0         0      
       usbbuffer.obj              590     0         0      
       usbdcdesc.obj              366     0         0      
       usbringbuf.obj             288     0         0      
       usbtick.obj                144     0         60     
       usbdesc.obj                84      0         0      
       usbmode.obj                32      0         21     
       usbdhandler.obj            24      0         0      
    +--+--------------------------+-------+---------+---------+
       Total:                     5440    224       345    
                                                           
    C:\ti\ccsv6\tools\compiler\arm_15.12.3.LTS\lib\rtsv7M4_T_le_v4SPD16_eabi.lib
       memcpy_t2.obj              156     0         0      
       memset_t2.obj              122     0         0      
       autoinit.obj               112     0         0      
       copy_decompress_rle.obj    112     0         0      
       exit.obj                   84      0         12     
       boot.obj                   84      0         0      
       cpy_tbl.obj                76      0         0      
       u_divt2.obj                64      0         0      
       _lock.obj                  20      0         8      
       args_main.obj              24      0         0      
       copy_decompress_none.obj   14      0         0      
       pre_init.obj               4       0         0      
       stkdepth_vars.obj          0       0         4      
       i_div0.obj                 2       0         0      
       mpu_init.obj               2       0         0      
       startup.obj                2       0         0      
    +--+--------------------------+-------+---------+---------+
       Total:                     878     0         24     
                                                           
       Stack:                     0       0         1024   
       Linker Generated:          0       148       0      
    +--+--------------------------+-------+---------+---------+
       Grand Total:               10556   1750      3175   


LINKER GENERATED COPY TABLES

__TI_cinit_table @ 00003024 records: 2, size/record: 8, table size: 16
	.data: load addr=00002f98, load size=00000071 bytes, run addr=20000ba0, run size=000000d0 bytes, compression=rle
	.bss: load addr=00003010, load size=0000000b bytes, run addr=20000000, run size=000007a0 bytes, compression=rle


LINKER GENERATED HANDLER TABLE

__TI_handler_table @ 0000301c records: 2, size/record: 4, table size: 8
	index: 0, handler: __TI_decompress_rle24
	index: 1, handler: __TI_decompress_none


GLOBAL SYMBOLS: SORTED ALPHABETICALLY BY Name 

address   name                            
-------   ----                            
00001ee9  C$$EXIT                         
00002b27  CPUcpsid                        
00002b33  CPUcpsie                        
000020c5  GPIOPinConfigure                
00002b57  GPIOPinWrite                    
00001bb9  IntEnable                       
00002b61  IntMasterDisable                
00002b6b  IntMasterEnable                 
00002559  InternalUSBRegisterTickHandler  
00002431  InternalUSBStartOfFrameTick     
000024c9  InternalUSBTickInit             
00002b99  ResetISR                        
00001745  RxHandler                       
UNDEFED   SHT$$INIT_ARRAY$$Base           
UNDEFED   SHT$$INIT_ARRAY$$Limit          
000006a5  SysCtlClockGet                  
00002b9f  SysCtlDelay                     
00001d39  SysCtlPeripheralEnable          
00001409  SysCtlPeripheralReset           
00002acd  SysCtlUSBPLLEnable              
00002add  SysTickIntHandler               
000029e9  TxHandler                       
000025b1  UARTFlushRx                     
000022a5  UARTFlushTx                     
000010cd  UARTStdioConfig                 
00002769  UARTStdioInit                   
00000a05  UARTStdioIntHandler             
00000489  UARTprintf                      
0000117d  UARTwrite                       
00002919  USB0DeviceIntHandler            
000029fd  USBBufferDataWritten            
00001c1d  USBBufferEventCallback          
00002ba5  USBBufferFlush                  
00002b0b  USBBufferInfoGet                
00002991  USBBufferInit                   
00002bab  USBBufferSpaceAvailable         
00001931  USBDBulkCompositeInit           
00002875  USBDBulkInit                    
00001ae7  USBDBulkPacketRead              
00002079  USBDBulkPacketWrite             
000027c7  USBDBulkRxPacketAvailable       
00002aed  USBDBulkTxPacketAvailable       
00001f3d  USBDCDConfigDescGet             
000025dd  USBDCDConfigDescGetNum          
00002931  USBDCDConfigDescGetSize         
00002891  USBDCDConfigGetInterface        
000022e1  USBDCDConfigGetInterfaceEndpoint
00000cc5  USBDCDInit                      
000028ad  USBDCDStallEP0                  
00002609  USBDescGet                      
0000265f  USBDescGetNum                   
00002bb7  USBDevAddrSet                   
00002b75  USBDevConnect                   
00002b7f  USBDevDisconnect                
000018b9  USBDevEndpointConfigSet         
00002721  USBDevEndpointDataAck           
000023c3  USBDevEndpointStall             
00001f8d  USBDevEndpointStallClear        
00001c7d  USBDevEndpointStatusClear       
00002b89  USBDevMode                      
0000087d  USBDeviceConfig                 
00000f5d  USBDeviceConfigAlternate        
00000db9  USBDeviceEnumHandler            
00002465  USBDeviceEnumResetHandler       
00001225  USBDeviceIntHandlerInternal     
0000210d  USBDeviceResumeTickHandler      
000027e5  USBEndpointDataAvail            
000021e1  USBEndpointDataGet              
000024f9  USBEndpointDataPut              
00002529  USBEndpointDataSend             
00002a97  USBEndpointStatus               
00002155  USBFIFOConfigSet                
000029a7  USBHostResume                   
00002689  USBIntEnableControl             
00002a11  USBIntEnableEndpoint            
00002355  USBIntStatusControl             
00002b3f  USBIntStatusEndpoint            
00002b91  USBOTGMode                      
00002803  USBRingBufAdvanceRead           
000023f9  USBRingBufAdvanceWrite          
000028c9  USBRingBufContigFree            
00002a25  USBRingBufContigUsed            
00002a39  USBRingBufFlush                 
00002aa9  USBRingBufFree                  
00002b4b  USBRingBufInit                  
000029d3  USBRingBufUsed                  
000028e5  USBRingBufWrite                 
00002abb  USBRingBufWriteOne              
00002789  USBStackModeSet                 
20000ba0  __STACK_END                     
00000400  __STACK_SIZE                    
20000ba0  __STACK_TOP                     
00003024  __TI_CINIT_Base                 
00003034  __TI_CINIT_Limit                
0000301c  __TI_Handler_Table_Base         
00003024  __TI_Handler_Table_Limit        
000019a1  __TI_auto_init                  
20000c3c  __TI_cleanup_ptr                
00002b19  __TI_decompress_none            
00002bb1  __TI_decompress_rle24           
20000c40  __TI_dtors_ptr                  
20000c44  __TI_enable_exit_profile_output 
ffffffff  __TI_pprof_out_hndl             
ffffffff  __TI_prof_data_size             
ffffffff  __TI_prof_data_start            
00000000  __TI_static_base__              
0000192f  __aeabi_idiv0                   
000017c5  __aeabi_memclr                  
000017c5  __aeabi_memclr4                 
000017c5  __aeabi_memclr8                 
0000136b  __aeabi_memcpy                  
0000136b  __aeabi_memcpy4                 
0000136b  __aeabi_memcpy8                 
000017c7  __aeabi_memset                  
000017c7  __aeabi_memset4                 
000017c7  __aeabi_memset8                 
00002225  __aeabi_uidiv                   
00002225  __aeabi_uidivmod                
ffffffff  __binit__                       
ffffffff  __c_args__                      
00001b4f  __mpu_init                      
200007a0  __stack                         
00002979  _args_main                      
00001e95  _c_int00                        
20000c60  _lock                           
00002a5b  _nop                            
00002a53  _register_lock                  
00002a4d  _register_unlock                
00001cdb  _system_post_cinit              
00002bbb  _system_pre_init                
20000c64  _unlock                         
00001eed  abort                           
ffffffff  binit                           
0000202d  copy_in                         
00001ef5  exit                            
20000c48  g_bUSBTimerInitialized          
20000790  g_eOTGModeState                 
20000c54  g_eUSBMode                      
00002e30  g_pBulkConfigDescriptors        
20000bfe  g_pBulkDescriptor               
20000bec  g_pBulkDeviceDescriptor         
00002e00  g_pBulkInterface                
00002e34  g_pConfigString                 
00002e64  g_pDataInterfaceString          
00002f94  g_pLangDescriptor               
00002eb4  g_pManufacturerString           
00002e8c  g_pProductString                
00002f5c  g_pSerialNumberString           
00002f44  g_pStringDescriptors            
20000714  g_pfTickHandlers                
00000000  g_pfnVectors                    
20000c08  g_psBulkSections                
20000680  g_psUSBDevice                   
20000744  g_pucRxBufferWorkspace          
2000075c  g_pucTxBufferWorkspace          
20000400  g_pucUSBRxBuffer                
20000500  g_pucUSBTxBuffer                
2000072c  g_pvTickInstance                
00002e28  g_sBulkConfigHeader             
00002e18  g_sBulkConfigSection            
00002ed8  g_sBulkDevice                   
20000ba0  g_sBulkDeviceInfo               
20000774  g_sBulkInstance                 
00002e20  g_sBulkInterfaceSection         
00002efc  g_sRxBuffer                     
00002f20  g_sTxBuffer                     
00002c38  g_sUSBDefaultFIFOConfig         
20000c4c  g_ulCurrentUSBTick              
20000c34  g_ulFlags                       
2000078c  g_ulPollRate                    
20000c30  g_ulRxCount                     
20000c28  g_ulSysTickCount                
20000c2c  g_ulTxCount                     
20000c50  g_ulUSBSOFCount                 
20000c58  g_ulWaitTicks                   
0000026d  main                            
20000c68  main_func_sp                    
0000136b  memcpy                          
000017cd  memset                          


GLOBAL SYMBOLS: SORTED BY Symbol Address 

address   name                            
-------   ----                            
00000000  __TI_static_base__              
00000000  g_pfnVectors                    
0000026d  main                            
00000400  __STACK_SIZE                    
00000489  UARTprintf                      
000006a5  SysCtlClockGet                  
0000087d  USBDeviceConfig                 
00000a05  UARTStdioIntHandler             
00000cc5  USBDCDInit                      
00000db9  USBDeviceEnumHandler            
00000f5d  USBDeviceConfigAlternate        
000010cd  UARTStdioConfig                 
0000117d  UARTwrite                       
00001225  USBDeviceIntHandlerInternal     
0000136b  __aeabi_memcpy                  
0000136b  __aeabi_memcpy4                 
0000136b  __aeabi_memcpy8                 
0000136b  memcpy                          
00001409  SysCtlPeripheralReset           
00001745  RxHandler                       
000017c5  __aeabi_memclr                  
000017c5  __aeabi_memclr4                 
000017c5  __aeabi_memclr8                 
000017c7  __aeabi_memset                  
000017c7  __aeabi_memset4                 
000017c7  __aeabi_memset8                 
000017cd  memset                          
000018b9  USBDevEndpointConfigSet         
0000192f  __aeabi_idiv0                   
00001931  USBDBulkCompositeInit           
000019a1  __TI_auto_init                  
00001ae7  USBDBulkPacketRead              
00001b4f  __mpu_init                      
00001bb9  IntEnable                       
00001c1d  USBBufferEventCallback          
00001c7d  USBDevEndpointStatusClear       
00001cdb  _system_post_cinit              
00001d39  SysCtlPeripheralEnable          
00001e95  _c_int00                        
00001ee9  C$$EXIT                         
00001eed  abort                           
00001ef5  exit                            
00001f3d  USBDCDConfigDescGet             
00001f8d  USBDevEndpointStallClear        
0000202d  copy_in                         
00002079  USBDBulkPacketWrite             
000020c5  GPIOPinConfigure                
0000210d  USBDeviceResumeTickHandler      
00002155  USBFIFOConfigSet                
000021e1  USBEndpointDataGet              
00002225  __aeabi_uidiv                   
00002225  __aeabi_uidivmod                
000022a5  UARTFlushTx                     
000022e1  USBDCDConfigGetInterfaceEndpoint
00002355  USBIntStatusControl             
000023c3  USBDevEndpointStall             
000023f9  USBRingBufAdvanceWrite          
00002431  InternalUSBStartOfFrameTick     
00002465  USBDeviceEnumResetHandler       
000024c9  InternalUSBTickInit             
000024f9  USBEndpointDataPut              
00002529  USBEndpointDataSend             
00002559  InternalUSBRegisterTickHandler  
000025b1  UARTFlushRx                     
000025dd  USBDCDConfigDescGetNum          
00002609  USBDescGet                      
0000265f  USBDescGetNum                   
00002689  USBIntEnableControl             
00002721  USBDevEndpointDataAck           
00002769  UARTStdioInit                   
00002789  USBStackModeSet                 
000027c7  USBDBulkRxPacketAvailable       
000027e5  USBEndpointDataAvail            
00002803  USBRingBufAdvanceRead           
00002875  USBDBulkInit                    
00002891  USBDCDConfigGetInterface        
000028ad  USBDCDStallEP0                  
000028c9  USBRingBufContigFree            
000028e5  USBRingBufWrite                 
00002919  USB0DeviceIntHandler            
00002931  USBDCDConfigDescGetSize         
00002979  _args_main                      
00002991  USBBufferInit                   
000029a7  USBHostResume                   
000029d3  USBRingBufUsed                  
000029e9  TxHandler                       
000029fd  USBBufferDataWritten            
00002a11  USBIntEnableEndpoint            
00002a25  USBRingBufContigUsed            
00002a39  USBRingBufFlush                 
00002a4d  _register_unlock                
00002a53  _register_lock                  
00002a5b  _nop                            
00002a97  USBEndpointStatus               
00002aa9  USBRingBufFree                  
00002abb  USBRingBufWriteOne              
00002acd  SysCtlUSBPLLEnable              
00002add  SysTickIntHandler               
00002aed  USBDBulkTxPacketAvailable       
00002b0b  USBBufferInfoGet                
00002b19  __TI_decompress_none            
00002b27  CPUcpsid                        
00002b33  CPUcpsie                        
00002b3f  USBIntStatusEndpoint            
00002b4b  USBRingBufInit                  
00002b57  GPIOPinWrite                    
00002b61  IntMasterDisable                
00002b6b  IntMasterEnable                 
00002b75  USBDevConnect                   
00002b7f  USBDevDisconnect                
00002b89  USBDevMode                      
00002b91  USBOTGMode                      
00002b99  ResetISR                        
00002b9f  SysCtlDelay                     
00002ba5  USBBufferFlush                  
00002bab  USBBufferSpaceAvailable         
00002bb1  __TI_decompress_rle24           
00002bb7  USBDevAddrSet                   
00002bbb  _system_pre_init                
00002c38  g_sUSBDefaultFIFOConfig         
00002e00  g_pBulkInterface                
00002e18  g_sBulkConfigSection            
00002e20  g_sBulkInterfaceSection         
00002e28  g_sBulkConfigHeader             
00002e30  g_pBulkConfigDescriptors        
00002e34  g_pConfigString                 
00002e64  g_pDataInterfaceString          
00002e8c  g_pProductString                
00002eb4  g_pManufacturerString           
00002ed8  g_sBulkDevice                   
00002efc  g_sRxBuffer                     
00002f20  g_sTxBuffer                     
00002f44  g_pStringDescriptors            
00002f5c  g_pSerialNumberString           
00002f94  g_pLangDescriptor               
0000301c  __TI_Handler_Table_Base         
00003024  __TI_CINIT_Base                 
00003024  __TI_Handler_Table_Limit        
00003034  __TI_CINIT_Limit                
20000400  g_pucUSBRxBuffer                
20000500  g_pucUSBTxBuffer                
20000680  g_psUSBDevice                   
20000714  g_pfTickHandlers                
2000072c  g_pvTickInstance                
20000744  g_pucRxBufferWorkspace          
2000075c  g_pucTxBufferWorkspace          
20000774  g_sBulkInstance                 
2000078c  g_ulPollRate                    
20000790  g_eOTGModeState                 
200007a0  __stack                         
20000ba0  __STACK_END                     
20000ba0  __STACK_TOP                     
20000ba0  g_sBulkDeviceInfo               
20000bec  g_pBulkDeviceDescriptor         
20000bfe  g_pBulkDescriptor               
20000c08  g_psBulkSections                
20000c28  g_ulSysTickCount                
20000c2c  g_ulTxCount                     
20000c30  g_ulRxCount                     
20000c34  g_ulFlags                       
20000c3c  __TI_cleanup_ptr                
20000c40  __TI_dtors_ptr                  
20000c44  __TI_enable_exit_profile_output 
20000c48  g_bUSBTimerInitialized          
20000c4c  g_ulCurrentUSBTick              
20000c50  g_ulUSBSOFCount                 
20000c54  g_eUSBMode                      
20000c58  g_ulWaitTicks                   
20000c60  _lock                           
20000c64  _unlock                         
20000c68  main_func_sp                    
ffffffff  __TI_pprof_out_hndl             
ffffffff  __TI_prof_data_size             
ffffffff  __TI_prof_data_start            
ffffffff  __binit__                       
ffffffff  __c_args__                      
ffffffff  binit                           
UNDEFED   SHT$$INIT_ARRAY$$Base           
UNDEFED   SHT$$INIT_ARRAY$$Limit          

[179 symbols]
