<?xml version="1.0"?>
<link_info>
   <banner>TI ARM Linker PC v15.12.3.LTS</banner>
   <copyright>Copyright (c) 1996-2015 Texas Instruments Incorporated</copyright>
   <link_time>0x57d7754d</link_time>
   <link_errors>0x0</link_errors>
   <output_file>usb_dev_bulk.out</output_file>
   <entry_point>
      <name>_c_int00</name>
      <address>0x1e95</address>
   </entry_point>
   <input_file_list>
      <input_file id="fl-2">
         <path>.\</path>
         <kind>object</kind>
         <file>startup_ccs.obj</file>
         <name>startup_ccs.obj</name>
      </input_file>
      <input_file id="fl-3">
         <path>.\</path>
         <kind>object</kind>
         <file>usb_bulk_structs.obj</file>
         <name>usb_bulk_structs.obj</name>
      </input_file>
      <input_file id="fl-4">
         <path>.\</path>
         <kind>object</kind>
         <file>usb_dev_bulk.obj</file>
         <name>usb_dev_bulk.obj</name>
      </input_file>
      <input_file id="fl-5">
         <path>.\utils\</path>
         <kind>object</kind>
         <file>uartstdio.obj</file>
         <name>uartstdio.obj</name>
      </input_file>
      <input_file id="fl-6">
         <path>.\utils\</path>
         <kind>object</kind>
         <file>ustdlib.obj</file>
         <name>ustdlib.obj</name>
      </input_file>
      <input_file id="fl-c2">
         <path>C:\ti\ccsv6\tools\compiler\arm_15.12.3.LTS\lib\</path>
         <kind>archive</kind>
         <file>rtsv7M4_T_le_v4SPD16_eabi.lib</file>
         <name>boot.obj</name>
      </input_file>
      <input_file id="fl-c3">
         <path>C:\ti\ccsv6\tools\compiler\arm_15.12.3.LTS\lib\</path>
         <kind>archive</kind>
         <file>rtsv7M4_T_le_v4SPD16_eabi.lib</file>
         <name>copy_decompress_none.obj</name>
      </input_file>
      <input_file id="fl-c4">
         <path>C:\ti\ccsv6\tools\compiler\arm_15.12.3.LTS\lib\</path>
         <kind>archive</kind>
         <file>rtsv7M4_T_le_v4SPD16_eabi.lib</file>
         <name>copy_decompress_rle.obj</name>
      </input_file>
      <input_file id="fl-c5">
         <path>C:\ti\ccsv6\tools\compiler\arm_15.12.3.LTS\lib\</path>
         <kind>archive</kind>
         <file>rtsv7M4_T_le_v4SPD16_eabi.lib</file>
         <name>copy_zero_init.obj</name>
      </input_file>
      <input_file id="fl-c6">
         <path>C:\ti\ccsv6\tools\compiler\arm_15.12.3.LTS\lib\</path>
         <kind>archive</kind>
         <file>rtsv7M4_T_le_v4SPD16_eabi.lib</file>
         <name>exit.obj</name>
      </input_file>
      <input_file id="fl-c7">
         <path>C:\ti\ccsv6\tools\compiler\arm_15.12.3.LTS\lib\</path>
         <kind>archive</kind>
         <file>rtsv7M4_T_le_v4SPD16_eabi.lib</file>
         <name>memcpy_t2.obj</name>
      </input_file>
      <input_file id="fl-c8">
         <path>C:\ti\ccsv6\tools\compiler\arm_15.12.3.LTS\lib\</path>
         <kind>archive</kind>
         <file>rtsv7M4_T_le_v4SPD16_eabi.lib</file>
         <name>memset_t2.obj</name>
      </input_file>
      <input_file id="fl-c9">
         <path>C:\ti\ccsv6\tools\compiler\arm_15.12.3.LTS\lib\</path>
         <kind>archive</kind>
         <file>rtsv7M4_T_le_v4SPD16_eabi.lib</file>
         <name>mpu_init.obj</name>
      </input_file>
      <input_file id="fl-ca">
         <path>C:\ti\ccsv6\tools\compiler\arm_15.12.3.LTS\lib\</path>
         <kind>archive</kind>
         <file>rtsv7M4_T_le_v4SPD16_eabi.lib</file>
         <name>pre_init.obj</name>
      </input_file>
      <input_file id="fl-cb">
         <path>C:\ti\ccsv6\tools\compiler\arm_15.12.3.LTS\lib\</path>
         <kind>archive</kind>
         <file>rtsv7M4_T_le_v4SPD16_eabi.lib</file>
         <name>stkdepth_vars.obj</name>
      </input_file>
      <input_file id="fl-cc">
         <path>C:\ti\ccsv6\tools\compiler\arm_15.12.3.LTS\lib\</path>
         <kind>archive</kind>
         <file>rtsv7M4_T_le_v4SPD16_eabi.lib</file>
         <name>u_divt2.obj</name>
      </input_file>
      <input_file id="fl-cd">
         <path>C:\ti\ccsv6\tools\compiler\arm_15.12.3.LTS\lib\</path>
         <kind>archive</kind>
         <file>rtsv7M4_T_le_v4SPD16_eabi.lib</file>
         <name>_lock.obj</name>
      </input_file>
      <input_file id="fl-ce">
         <path>C:\ti\ccsv6\tools\compiler\arm_15.12.3.LTS\lib\</path>
         <kind>archive</kind>
         <file>rtsv7M4_T_le_v4SPD16_eabi.lib</file>
         <name>args_main.obj</name>
      </input_file>
      <input_file id="fl-cf">
         <path>C:\ti\ccsv6\tools\compiler\arm_15.12.3.LTS\lib\</path>
         <kind>archive</kind>
         <file>rtsv7M4_T_le_v4SPD16_eabi.lib</file>
         <name>autoinit.obj</name>
      </input_file>
      <input_file id="fl-d0">
         <path>C:\ti\ccsv6\tools\compiler\arm_15.12.3.LTS\lib\</path>
         <kind>archive</kind>
         <file>rtsv7M4_T_le_v4SPD16_eabi.lib</file>
         <name>cpy_tbl.obj</name>
      </input_file>
      <input_file id="fl-d1">
         <path>C:\ti\ccsv6\tools\compiler\arm_15.12.3.LTS\lib\</path>
         <kind>archive</kind>
         <file>rtsv7M4_T_le_v4SPD16_eabi.lib</file>
         <name>i_div0.obj</name>
      </input_file>
      <input_file id="fl-d2">
         <path>C:\ti\ccsv6\tools\compiler\arm_15.12.3.LTS\lib\</path>
         <kind>archive</kind>
         <file>rtsv7M4_T_le_v4SPD16_eabi.lib</file>
         <name>startup.obj</name>
      </input_file>
      <input_file id="fl-d3">
         <path>C:\StellarisWare\driverlib\ccs-cm4f\Debug\</path>
         <kind>archive</kind>
         <file>driverlib-cm4f.lib</file>
         <name>gpio.obj</name>
      </input_file>
      <input_file id="fl-d4">
         <path>C:\StellarisWare\driverlib\ccs-cm4f\Debug\</path>
         <kind>archive</kind>
         <file>driverlib-cm4f.lib</file>
         <name>interrupt.obj</name>
      </input_file>
      <input_file id="fl-d5">
         <path>C:\StellarisWare\driverlib\ccs-cm4f\Debug\</path>
         <kind>archive</kind>
         <file>driverlib-cm4f.lib</file>
         <name>cpu.obj</name>
      </input_file>
      <input_file id="fl-d6">
         <path>C:\StellarisWare\usblib\ccs-cm4f\Debug\</path>
         <kind>archive</kind>
         <file>usblib-cm4f.lib</file>
         <name>usbdhandler.obj</name>
      </input_file>
      <input_file id="fl-d7">
         <path>C:\StellarisWare\usblib\ccs-cm4f\Debug\</path>
         <kind>archive</kind>
         <file>usblib-cm4f.lib</file>
         <name>usbdenum.obj</name>
      </input_file>
      <input_file id="fl-d8">
         <path>C:\StellarisWare\usblib\ccs-cm4f\Debug\</path>
         <kind>archive</kind>
         <file>usblib-cm4f.lib</file>
         <name>usbdconfig.obj</name>
      </input_file>
      <input_file id="fl-d9">
         <path>C:\StellarisWare\usblib\ccs-cm4f\Debug\</path>
         <kind>archive</kind>
         <file>usblib-cm4f.lib</file>
         <name>usbdcdesc.obj</name>
      </input_file>
      <input_file id="fl-da">
         <path>C:\StellarisWare\usblib\ccs-cm4f\Debug\</path>
         <kind>archive</kind>
         <file>usblib-cm4f.lib</file>
         <name>usbdbulk.obj</name>
      </input_file>
      <input_file id="fl-db">
         <path>C:\StellarisWare\usblib\ccs-cm4f\Debug\</path>
         <kind>archive</kind>
         <file>usblib-cm4f.lib</file>
         <name>usbtick.obj</name>
      </input_file>
      <input_file id="fl-dc">
         <path>C:\StellarisWare\usblib\ccs-cm4f\Debug\</path>
         <kind>archive</kind>
         <file>usblib-cm4f.lib</file>
         <name>usbmode.obj</name>
      </input_file>
      <input_file id="fl-dd">
         <path>C:\StellarisWare\usblib\ccs-cm4f\Debug\</path>
         <kind>archive</kind>
         <file>usblib-cm4f.lib</file>
         <name>usbdesc.obj</name>
      </input_file>
      <input_file id="fl-de">
         <path>C:\StellarisWare\usblib\ccs-cm4f\Debug\</path>
         <kind>archive</kind>
         <file>usblib-cm4f.lib</file>
         <name>usbbuffer.obj</name>
      </input_file>
      <input_file id="fl-df">
         <path>C:\StellarisWare\usblib\ccs-cm4f\Debug\</path>
         <kind>archive</kind>
         <file>usblib-cm4f.lib</file>
         <name>usbhostenum.obj</name>
      </input_file>
      <input_file id="fl-e0">
         <path>C:\StellarisWare\usblib\ccs-cm4f\Debug\</path>
         <kind>archive</kind>
         <file>usblib-cm4f.lib</file>
         <name>usbhhub.obj</name>
      </input_file>
      <input_file id="fl-e1">
         <path>C:\StellarisWare\usblib\ccs-cm4f\Debug\</path>
         <kind>archive</kind>
         <file>usblib-cm4f.lib</file>
         <name>usbringbuf.obj</name>
      </input_file>
      <input_file id="fl-e2">
         <path>C:\StellarisWare\driverlib\ccs-cm4f\Debug\</path>
         <kind>archive</kind>
         <file>driverlib-cm4f.lib</file>
         <name>usb.obj</name>
      </input_file>
      <input_file id="fl-e3">
         <path>C:\StellarisWare\driverlib\ccs-cm4f\Debug\</path>
         <kind>archive</kind>
         <file>driverlib-cm4f.lib</file>
         <name>udma.obj</name>
      </input_file>
      <input_file id="fl-e4">
         <path>C:\StellarisWare\driverlib\ccs-cm4f\Debug\</path>
         <kind>archive</kind>
         <file>driverlib-cm4f.lib</file>
         <name>sysctl.obj</name>
      </input_file>
   </input_file_list>
   <object_component_list>
      <object_component id="oc-f">
         <name>.intvecs</name>
         <load_address>0x0</load_address>
         <run_address>0x0</run_address>
         <size>0x26c</size>
         <input_file_ref idref="fl-2"/>
      </object_component>
      <object_component id="oc-ff">
         <name>.text:main</name>
         <load_address>0x26c</load_address>
         <run_address>0x26c</run_address>
         <size>0x21c</size>
         <input_file_ref idref="fl-4"/>
      </object_component>
      <object_component id="oc-169">
         <name>.text:UARTprintf</name>
         <load_address>0x488</load_address>
         <run_address>0x488</run_address>
         <size>0x21a</size>
         <input_file_ref idref="fl-5"/>
      </object_component>
      <object_component id="oc-37">
         <name>.text:FaultISR</name>
         <load_address>0x6a2</load_address>
         <run_address>0x6a2</run_address>
         <size>0x2</size>
         <input_file_ref idref="fl-2"/>
      </object_component>
      <object_component id="oc-2f0">
         <name>.text:SysCtlClockGet</name>
         <load_address>0x6a4</load_address>
         <run_address>0x6a4</run_address>
         <size>0x1d8</size>
         <input_file_ref idref="fl-e4"/>
      </object_component>
      <object_component id="oc-40c">
         <name>.text:USBDeviceConfig</name>
         <load_address>0x87c</load_address>
         <run_address>0x87c</run_address>
         <size>0x188</size>
         <input_file_ref idref="fl-d8"/>
      </object_component>
      <object_component id="oc-49">
         <name>.text:UARTStdioIntHandler</name>
         <load_address>0xa04</load_address>
         <run_address>0xa04</run_address>
         <size>0x160</size>
         <input_file_ref idref="fl-5"/>
      </object_component>
      <object_component id="oc-1de">
         <name>.text:USBDEP0StateTxConfig</name>
         <load_address>0xb64</load_address>
         <run_address>0xb64</run_address>
         <size>0x160</size>
         <input_file_ref idref="fl-d7"/>
      </object_component>
      <object_component id="oc-222">
         <name>.text:USBDCDInit</name>
         <load_address>0xcc4</load_address>
         <run_address>0xcc4</run_address>
         <size>0xf4</size>
         <input_file_ref idref="fl-d7"/>
      </object_component>
      <object_component id="oc-13d">
         <name>.text:USBDeviceEnumHandler</name>
         <load_address>0xdb8</load_address>
         <run_address>0xdb8</run_address>
         <size>0xd4</size>
         <input_file_ref idref="fl-d7"/>
      </object_component>
      <object_component id="oc-35a">
         <name>.text:USBDGetDescriptor</name>
         <load_address>0xe8c</load_address>
         <run_address>0xe8c</run_address>
         <size>0xd0</size>
         <input_file_ref idref="fl-d7"/>
      </object_component>
      <object_component id="oc-41a">
         <name>.text:USBDeviceConfigAlternate</name>
         <load_address>0xf5c</load_address>
         <run_address>0xf5c</run_address>
         <size>0xbc</size>
         <input_file_ref idref="fl-d8"/>
      </object_component>
      <object_component id="oc-32a">
         <name>.text:HandleRxAvailable</name>
         <load_address>0x1018</load_address>
         <run_address>0x1018</run_address>
         <size>0xb4</size>
         <input_file_ref idref="fl-de"/>
      </object_component>
      <object_component id="oc-205">
         <name>.text:UARTStdioConfig</name>
         <load_address>0x10cc</load_address>
         <run_address>0x10cc</run_address>
         <size>0xb0</size>
         <input_file_ref idref="fl-5"/>
      </object_component>
      <object_component id="oc-b1">
         <name>.text:UARTwrite</name>
         <load_address>0x117c</load_address>
         <run_address>0x117c</run_address>
         <size>0xa8</size>
         <input_file_ref idref="fl-5"/>
      </object_component>
      <object_component id="oc-d5">
         <name>.text:USBDeviceIntHandlerInternal</name>
         <load_address>0x1224</load_address>
         <run_address>0x1224</run_address>
         <size>0xa4</size>
         <input_file_ref idref="fl-d7"/>
      </object_component>
      <object_component id="oc-3d9">
         <name>.text:ScheduleNextTransmission</name>
         <load_address>0x12c8</load_address>
         <run_address>0x12c8</run_address>
         <size>0xa2</size>
         <input_file_ref idref="fl-de"/>
      </object_component>
      <object_component id="oc-56">
         <name>.text</name>
         <load_address>0x136a</load_address>
         <run_address>0x136a</run_address>
         <size>0x9c</size>
         <input_file_ref idref="fl-c7"/>
      </object_component>
      <object_component id="oc-3d">
         <name>.text:IntDefaultHandler</name>
         <load_address>0x1406</load_address>
         <run_address>0x1406</run_address>
         <size>0x2</size>
         <input_file_ref idref="fl-2"/>
      </object_component>
      <object_component id="oc-2d4">
         <name>.text:SysCtlPeripheralReset</name>
         <load_address>0x1408</load_address>
         <run_address>0x1408</run_address>
         <size>0x94</size>
         <input_file_ref idref="fl-e4"/>
      </object_component>
      <object_component id="oc-309">
         <name>.text:EchoNewDataToHost</name>
         <load_address>0x149c</load_address>
         <run_address>0x149c</run_address>
         <size>0x90</size>
         <input_file_ref idref="fl-4"/>
      </object_component>
      <object_component id="oc-a5">
         <name>.text:UARTPrimeTransmit</name>
         <load_address>0x152c</load_address>
         <run_address>0x152c</run_address>
         <size>0x8c</size>
         <input_file_ref idref="fl-5"/>
      </object_component>
      <object_component id="oc-34e">
         <name>.text:USBDClearFeature</name>
         <load_address>0x15b8</load_address>
         <run_address>0x15b8</run_address>
         <size>0x84</size>
         <input_file_ref idref="fl-d7"/>
      </object_component>
      <object_component id="oc-366">
         <name>.text:USBDSetConfiguration</name>
         <load_address>0x163c</load_address>
         <run_address>0x163c</run_address>
         <size>0x84</size>
         <input_file_ref idref="fl-d7"/>
      </object_component>
      <object_component id="oc-36e">
         <name>.text:USBDSetInterface</name>
         <load_address>0x16c0</load_address>
         <run_address>0x16c0</run_address>
         <size>0x84</size>
         <input_file_ref idref="fl-d7"/>
      </object_component>
      <object_component id="oc-23d">
         <name>.text:RxHandler</name>
         <load_address>0x1744</load_address>
         <run_address>0x1744</run_address>
         <size>0x80</size>
         <input_file_ref idref="fl-4"/>
      </object_component>
      <object_component id="oc-6f">
         <name>.text</name>
         <load_address>0x17c4</load_address>
         <run_address>0x17c4</run_address>
         <size>0x7a</size>
         <input_file_ref idref="fl-c8"/>
      </object_component>
      <object_component id="oc-31">
         <name>.text:NmiSR</name>
         <load_address>0x183e</load_address>
         <run_address>0x183e</run_address>
         <size>0x2</size>
         <input_file_ref idref="fl-2"/>
      </object_component>
      <object_component id="oc-34a">
         <name>.text:USBDGetStatus</name>
         <load_address>0x1840</load_address>
         <run_address>0x1840</run_address>
         <size>0x78</size>
         <input_file_ref idref="fl-d7"/>
      </object_component>
      <object_component id="oc-46b">
         <name>.text:USBDevEndpointConfigSet</name>
         <load_address>0x18b8</load_address>
         <run_address>0x18b8</run_address>
         <size>0x76</size>
         <input_file_ref idref="fl-e2"/>
      </object_component>
      <object_component id="oc-2a2">
         <name>.text</name>
         <load_address>0x192e</load_address>
         <run_address>0x192e</run_address>
         <size>0x2</size>
         <input_file_ref idref="fl-d1"/>
      </object_component>
      <object_component id="oc-21e">
         <name>.text:USBDBulkCompositeInit</name>
         <load_address>0x1930</load_address>
         <run_address>0x1930</run_address>
         <size>0x70</size>
         <input_file_ref idref="fl-da"/>
      </object_component>
      <object_component id="oc-87">
         <name>.text</name>
         <load_address>0x19a0</load_address>
         <run_address>0x19a0</run_address>
         <size>0x70</size>
         <input_file_ref idref="fl-cf"/>
      </object_component>
      <object_component id="oc-352">
         <name>.text:USBDSetFeature</name>
         <load_address>0x1a10</load_address>
         <run_address>0x1a10</run_address>
         <size>0x6c</size>
         <input_file_ref idref="fl-d7"/>
      </object_component>
      <object_component id="oc-62">
         <name>.text</name>
         <load_address>0x1a7c</load_address>
         <run_address>0x1a7c</run_address>
         <size>0x6a</size>
         <input_file_ref idref="fl-c4"/>
      </object_component>
      <object_component id="oc-243">
         <name>.text:USBDBulkPacketRead</name>
         <load_address>0x1ae6</load_address>
         <run_address>0x1ae6</run_address>
         <size>0x68</size>
         <input_file_ref idref="fl-da"/>
      </object_component>
      <object_component id="oc-7b">
         <name>.text</name>
         <load_address>0x1b4e</load_address>
         <run_address>0x1b4e</run_address>
         <size>0x2</size>
         <input_file_ref idref="fl-c9"/>
      </object_component>
      <object_component id="oc-1e2">
         <name>.text:USBDEP0StateTx</name>
         <load_address>0x1b50</load_address>
         <run_address>0x1b50</run_address>
         <size>0x68</size>
         <input_file_ref idref="fl-d7"/>
      </object_component>
      <object_component id="oc-2f9">
         <name>.text:IntEnable</name>
         <load_address>0x1bb8</load_address>
         <run_address>0x1bb8</run_address>
         <size>0x64</size>
         <input_file_ref idref="fl-d4"/>
      </object_component>
      <object_component id="oc-24f">
         <name>.text:USBBufferEventCallback</name>
         <load_address>0x1c1c</load_address>
         <run_address>0x1c1c</run_address>
         <size>0x60</size>
         <input_file_ref idref="fl-de"/>
      </object_component>
      <object_component id="oc-1ca">
         <name>.text:USBDevEndpointStatusClear</name>
         <load_address>0x1c7c</load_address>
         <run_address>0x1c7c</run_address>
         <size>0x5e</size>
         <input_file_ref idref="fl-e2"/>
      </object_component>
      <object_component id="oc-f7">
         <name>.text</name>
         <load_address>0x1cda</load_address>
         <run_address>0x1cda</run_address>
         <size>0x2</size>
         <input_file_ref idref="fl-d2"/>
      </object_component>
      <object_component id="oc-428">
         <name>.text:ProcessDataFromHost</name>
         <load_address>0x1cdc</load_address>
         <run_address>0x1cdc</run_address>
         <size>0x5c</size>
         <input_file_ref idref="fl-da"/>
      </object_component>
      <object_component id="oc-2d8">
         <name>.text:SysCtlPeripheralEnable</name>
         <load_address>0x1d38</load_address>
         <run_address>0x1d38</run_address>
         <size>0x58</size>
         <input_file_ref idref="fl-e4"/>
      </object_component>
      <object_component id="oc-1da">
         <name>.text:USBDReadAndDispatchRequest</name>
         <load_address>0x1d90</load_address>
         <run_address>0x1d90</run_address>
         <size>0x58</size>
         <input_file_ref idref="fl-d7"/>
      </object_component>
      <object_component id="oc-405">
         <name>.text:USBDStringIndexFromRequest</name>
         <load_address>0x1de8</load_address>
         <run_address>0x1de8</run_address>
         <size>0x58</size>
         <input_file_ref idref="fl-d7"/>
      </object_component>
      <object_component id="oc-467">
         <name>.text:GetEPDescriptorType</name>
         <load_address>0x1e40</load_address>
         <run_address>0x1e40</run_address>
         <size>0x54</size>
         <input_file_ref idref="fl-d8"/>
      </object_component>
      <object_component id="oc-24">
         <name>.text</name>
         <load_address>0x1e94</load_address>
         <run_address>0x1e94</run_address>
         <size>0x54</size>
         <input_file_ref idref="fl-c2"/>
      </object_component>
      <object_component id="oc-93">
         <name>.text</name>
         <load_address>0x1ee8</load_address>
         <run_address>0x1ee8</run_address>
         <size>0x54</size>
         <input_file_ref idref="fl-c6"/>
      </object_component>
      <object_component id="oc-45f">
         <name>.text:USBDCDConfigDescGet</name>
         <load_address>0x1f3c</load_address>
         <run_address>0x1f3c</run_address>
         <size>0x50</size>
         <input_file_ref idref="fl-d9"/>
      </object_component>
      <object_component id="oc-3fe">
         <name>.text:USBDevEndpointStallClear</name>
         <load_address>0x1f8c</load_address>
         <run_address>0x1f8c</run_address>
         <size>0x50</size>
         <input_file_ref idref="fl-e2"/>
      </object_component>
      <object_component id="oc-47e">
         <name>.text:ConfigAlternateInterfaceGet</name>
         <load_address>0x1fdc</load_address>
         <run_address>0x1fdc</run_address>
         <size>0x4e</size>
         <input_file_ref idref="fl-d9"/>
      </object_component>
      <object_component id="oc-f1">
         <name>.text</name>
         <load_address>0x202c</load_address>
         <run_address>0x202c</run_address>
         <size>0x4c</size>
         <input_file_ref idref="fl-d0"/>
      </object_component>
      <object_component id="oc-22f">
         <name>.text:USBDBulkPacketWrite</name>
         <load_address>0x2078</load_address>
         <run_address>0x2078</run_address>
         <size>0x4a</size>
         <input_file_ref idref="fl-da"/>
      </object_component>
      <object_component id="oc-15f">
         <name>.text:GPIOPinConfigure</name>
         <load_address>0x20c4</load_address>
         <run_address>0x20c4</run_address>
         <size>0x48</size>
         <input_file_ref idref="fl-d3"/>
      </object_component>
      <object_component id="oc-131">
         <name>.text:USBDeviceResumeTickHandler</name>
         <load_address>0x210c</load_address>
         <run_address>0x210c</run_address>
         <size>0x48</size>
         <input_file_ref idref="fl-d7"/>
      </object_component>
      <object_component id="oc-473">
         <name>.text:USBFIFOConfigSet</name>
         <load_address>0x2154</load_address>
         <run_address>0x2154</run_address>
         <size>0x46</size>
         <input_file_ref idref="fl-e2"/>
      </object_component>
      <object_component id="oc-36a">
         <name>.text:USBDGetInterface</name>
         <load_address>0x219c</load_address>
         <run_address>0x219c</run_address>
         <size>0x44</size>
         <input_file_ref idref="fl-d7"/>
      </object_component>
      <object_component id="oc-1d2">
         <name>.text:USBEndpointDataGet</name>
         <load_address>0x21e0</load_address>
         <run_address>0x21e0</run_address>
         <size>0x44</size>
         <input_file_ref idref="fl-e2"/>
      </object_component>
      <object_component id="oc-20c">
         <name>.text</name>
         <load_address>0x2224</load_address>
         <run_address>0x2224</run_address>
         <size>0x40</size>
         <input_file_ref idref="fl-cc"/>
      </object_component>
      <object_component id="oc-46f">
         <name>.text:GetEndpointFIFOSize</name>
         <load_address>0x2264</load_address>
         <run_address>0x2264</run_address>
         <size>0x3e</size>
         <input_file_ref idref="fl-d8"/>
      </object_component>
      <object_component id="oc-295">
         <name>.text:UARTFlushTx</name>
         <load_address>0x22a4</load_address>
         <run_address>0x22a4</run_address>
         <size>0x3c</size>
         <input_file_ref idref="fl-5"/>
      </object_component>
      <object_component id="oc-463">
         <name>.text:USBDCDConfigGetInterfaceEndpoint</name>
         <load_address>0x22e0</load_address>
         <run_address>0x22e0</run_address>
         <size>0x3a</size>
         <input_file_ref idref="fl-d9"/>
      </object_component>
      <object_component id="oc-362">
         <name>.text:USBDGetConfiguration</name>
         <load_address>0x231c</load_address>
         <run_address>0x231c</run_address>
         <size>0x38</size>
         <input_file_ref idref="fl-d7"/>
      </object_component>
      <object_component id="oc-d1">
         <name>.text:USBIntStatusControl</name>
         <load_address>0x2354</load_address>
         <run_address>0x2354</run_address>
         <size>0x38</size>
         <input_file_ref idref="fl-e2"/>
      </object_component>
      <object_component id="oc-498">
         <name>.text:NextConfigDescGet</name>
         <load_address>0x238c</load_address>
         <run_address>0x238c</run_address>
         <size>0x36</size>
         <input_file_ref idref="fl-d9"/>
      </object_component>
      <object_component id="oc-343">
         <name>.text:USBDevEndpointStall</name>
         <load_address>0x23c2</load_address>
         <run_address>0x23c2</run_address>
         <size>0x36</size>
         <input_file_ref idref="fl-e2"/>
      </object_component>
      <object_component id="oc-3e3">
         <name>.text:USBRingBufAdvanceWrite</name>
         <load_address>0x23f8</load_address>
         <run_address>0x23f8</run_address>
         <size>0x36</size>
         <input_file_ref idref="fl-e1"/>
      </object_component>
      <object_component id="oc-135">
         <name>.text:InternalUSBStartOfFrameTick</name>
         <load_address>0x2430</load_address>
         <run_address>0x2430</run_address>
         <size>0x34</size>
         <input_file_ref idref="fl-db"/>
      </object_component>
      <object_component id="oc-12d">
         <name>.text:USBDeviceEnumResetHandler</name>
         <load_address>0x2464</load_address>
         <run_address>0x2464</run_address>
         <size>0x32</size>
         <input_file_ref idref="fl-d7"/>
      </object_component>
      <object_component id="oc-39d">
         <name>.text:HandleEndpoints</name>
         <load_address>0x2496</load_address>
         <run_address>0x2496</run_address>
         <size>0x30</size>
         <input_file_ref idref="fl-da"/>
      </object_component>
      <object_component id="oc-2c3">
         <name>.text:InternalUSBTickInit</name>
         <load_address>0x24c8</load_address>
         <run_address>0x24c8</run_address>
         <size>0x30</size>
         <input_file_ref idref="fl-db"/>
      </object_component>
      <object_component id="oc-27c">
         <name>.text:USBEndpointDataPut</name>
         <load_address>0x24f8</load_address>
         <run_address>0x24f8</run_address>
         <size>0x30</size>
         <input_file_ref idref="fl-e2"/>
      </object_component>
      <object_component id="oc-280">
         <name>.text:USBEndpointDataSend</name>
         <load_address>0x2528</load_address>
         <run_address>0x2528</run_address>
         <size>0x2e</size>
         <input_file_ref idref="fl-e2"/>
      </object_component>
      <object_component id="oc-2c7">
         <name>.text:InternalUSBRegisterTickHandler</name>
         <load_address>0x2558</load_address>
         <run_address>0x2558</run_address>
         <size>0x2c</size>
         <input_file_ref idref="fl-db"/>
      </object_component>
      <object_component id="oc-42c">
         <name>.text:ProcessDataToHost</name>
         <load_address>0x2584</load_address>
         <run_address>0x2584</run_address>
         <size>0x2c</size>
         <input_file_ref idref="fl-da"/>
      </object_component>
      <object_component id="oc-28f">
         <name>.text:UARTFlushRx</name>
         <load_address>0x25b0</load_address>
         <run_address>0x25b0</run_address>
         <size>0x2c</size>
         <input_file_ref idref="fl-5"/>
      </object_component>
      <object_component id="oc-412">
         <name>.text:USBDCDConfigDescGetNum</name>
         <load_address>0x25dc</load_address>
         <run_address>0x25dc</run_address>
         <size>0x2c</size>
         <input_file_ref idref="fl-d9"/>
      </object_component>
      <object_component id="oc-493">
         <name>.text:USBDescGet</name>
         <load_address>0x2608</load_address>
         <run_address>0x2608</run_address>
         <size>0x2c</size>
         <input_file_ref idref="fl-dd"/>
      </object_component>
      <object_component id="oc-3a1">
         <name>.text:HandleDevice</name>
         <load_address>0x2634</load_address>
         <run_address>0x2634</run_address>
         <size>0x2a</size>
         <input_file_ref idref="fl-da"/>
      </object_component>
      <object_component id="oc-479">
         <name>.text:USBDescGetNum</name>
         <load_address>0x265e</load_address>
         <run_address>0x265e</run_address>
         <size>0x28</size>
         <input_file_ref idref="fl-dd"/>
      </object_component>
      <object_component id="oc-2e8">
         <name>.text:USBIntEnableControl</name>
         <load_address>0x2688</load_address>
         <run_address>0x2688</run_address>
         <size>0x28</size>
         <input_file_ref idref="fl-e2"/>
      </object_component>
      <object_component id="oc-44b">
         <name>.text:UpdateIndexAtomic</name>
         <load_address>0x26b0</load_address>
         <run_address>0x26b0</run_address>
         <size>0x28</size>
         <input_file_ref idref="fl-e1"/>
      </object_component>
      <object_component id="oc-326">
         <name>.text:HandleRequestBuffer</name>
         <load_address>0x26d8</load_address>
         <run_address>0x26d8</run_address>
         <size>0x24</size>
         <input_file_ref idref="fl-de"/>
      </object_component>
      <object_component id="oc-356">
         <name>.text:USBDSetAddress</name>
         <load_address>0x26fc</load_address>
         <run_address>0x26fc</run_address>
         <size>0x24</size>
         <input_file_ref idref="fl-d7"/>
      </object_component>
      <object_component id="oc-1d6">
         <name>.text:USBDevEndpointDataAck</name>
         <load_address>0x2720</load_address>
         <run_address>0x2720</run_address>
         <size>0x24</size>
         <input_file_ref idref="fl-e2"/>
      </object_component>
      <object_component id="oc-2cf">
         <name>.text:BulkTickHandler</name>
         <load_address>0x2744</load_address>
         <run_address>0x2744</run_address>
         <size>0x22</size>
         <input_file_ref idref="fl-da"/>
      </object_component>
      <object_component id="oc-163">
         <name>.text:UARTStdioInit</name>
         <load_address>0x2768</load_address>
         <run_address>0x2768</run_address>
         <size>0x20</size>
         <input_file_ref idref="fl-5"/>
      </object_component>
      <object_component id="oc-173">
         <name>.text:USBStackModeSet</name>
         <load_address>0x2788</load_address>
         <run_address>0x2788</run_address>
         <size>0x20</size>
         <input_file_ref idref="fl-dc"/>
      </object_component>
      <object_component id="oc-31e">
         <name>.text:HandleDataRemaining</name>
         <load_address>0x27a8</load_address>
         <run_address>0x27a8</run_address>
         <size>0x1e</size>
         <input_file_ref idref="fl-de"/>
      </object_component>
      <object_component id="oc-247">
         <name>.text:USBDBulkRxPacketAvailable</name>
         <load_address>0x27c6</load_address>
         <run_address>0x27c6</run_address>
         <size>0x1e</size>
         <input_file_ref idref="fl-da"/>
      </object_component>
      <object_component id="oc-314">
         <name>.text:USBEndpointDataAvail</name>
         <load_address>0x27e4</load_address>
         <run_address>0x27e4</run_address>
         <size>0x1e</size>
         <input_file_ref idref="fl-e2"/>
      </object_component>
      <object_component id="oc-3d5">
         <name>.text:USBRingBufAdvanceRead</name>
         <load_address>0x2802</load_address>
         <run_address>0x2802</run_address>
         <size>0x1e</size>
         <input_file_ref idref="fl-e1"/>
      </object_component>
      <object_component id="oc-38d">
         <name>.text:HandleConfigChange</name>
         <load_address>0x2820</load_address>
         <run_address>0x2820</run_address>
         <size>0x1c</size>
         <input_file_ref idref="fl-da"/>
      </object_component>
      <object_component id="oc-399">
         <name>.text:HandleDisconnect</name>
         <load_address>0x283c</load_address>
         <run_address>0x283c</run_address>
         <size>0x1c</size>
         <input_file_ref idref="fl-da"/>
      </object_component>
      <object_component id="oc-318">
         <name>.text:SetDeferredOpFlag</name>
         <load_address>0x2858</load_address>
         <run_address>0x2858</run_address>
         <size>0x1c</size>
         <input_file_ref idref="fl-da"/>
      </object_component>
      <object_component id="oc-177">
         <name>.text:USBDBulkInit</name>
         <load_address>0x2874</load_address>
         <run_address>0x2874</run_address>
         <size>0x1c</size>
         <input_file_ref idref="fl-da"/>
      </object_component>
      <object_component id="oc-416">
         <name>.text:USBDCDConfigGetInterface</name>
         <load_address>0x2890</load_address>
         <run_address>0x2890</run_address>
         <size>0x1c</size>
         <input_file_ref idref="fl-d9"/>
      </object_component>
      <object_component id="oc-26f">
         <name>.text:USBDCDStallEP0</name>
         <load_address>0x28ac</load_address>
         <run_address>0x28ac</run_address>
         <size>0x1c</size>
         <input_file_ref idref="fl-d7"/>
      </object_component>
      <object_component id="oc-3de">
         <name>.text:USBRingBufContigFree</name>
         <load_address>0x28c8</load_address>
         <run_address>0x28c8</run_address>
         <size>0x1c</size>
         <input_file_ref idref="fl-e1"/>
      </object_component>
      <object_component id="oc-3eb">
         <name>.text:USBRingBufWrite</name>
         <load_address>0x28e4</load_address>
         <run_address>0x28e4</run_address>
         <size>0x1a</size>
         <input_file_ref idref="fl-e1"/>
      </object_component>
      <object_component id="oc-b7">
         <name>.text:IsBufferFull</name>
         <load_address>0x28fe</load_address>
         <run_address>0x28fe</run_address>
         <size>0x18</size>
         <input_file_ref idref="fl-5"/>
      </object_component>
      <object_component id="oc-4f">
         <name>.text:USB0DeviceIntHandler</name>
         <load_address>0x2918</load_address>
         <run_address>0x2918</run_address>
         <size>0x18</size>
         <input_file_ref idref="fl-d6"/>
      </object_component>
      <object_component id="oc-278">
         <name>.text:USBDCDConfigDescGetSize</name>
         <load_address>0x2930</load_address>
         <run_address>0x2930</run_address>
         <size>0x18</size>
         <input_file_ref idref="fl-d9"/>
      </object_component>
      <object_component id="oc-35e">
         <name>.text:USBDSetDescriptor</name>
         <load_address>0x2948</load_address>
         <run_address>0x2948</run_address>
         <size>0x18</size>
         <input_file_ref idref="fl-d7"/>
      </object_component>
      <object_component id="oc-372">
         <name>.text:USBDSyncFrame</name>
         <load_address>0x2960</load_address>
         <run_address>0x2960</run_address>
         <size>0x18</size>
         <input_file_ref idref="fl-d7"/>
      </object_component>
      <object_component id="oc-8d">
         <name>.text</name>
         <load_address>0x2978</load_address>
         <run_address>0x2978</run_address>
         <size>0x18</size>
         <input_file_ref idref="fl-ce"/>
      </object_component>
      <object_component id="oc-16f">
         <name>.text:USBBufferInit</name>
         <load_address>0x2990</load_address>
         <run_address>0x2990</run_address>
         <size>0x16</size>
         <input_file_ref idref="fl-de"/>
      </object_component>
      <object_component id="oc-1bc">
         <name>.text:USBHostResume</name>
         <load_address>0x29a6</load_address>
         <run_address>0x29a6</run_address>
         <size>0x16</size>
         <input_file_ref idref="fl-e2"/>
      </object_component>
      <object_component id="oc-4a0">
         <name>.text:USBIndexWrite</name>
         <load_address>0x29bc</load_address>
         <run_address>0x29bc</run_address>
         <size>0x16</size>
         <input_file_ref idref="fl-e2"/>
      </object_component>
      <object_component id="oc-3d0">
         <name>.text:USBRingBufUsed</name>
         <load_address>0x29d2</load_address>
         <run_address>0x29d2</run_address>
         <size>0x16</size>
         <input_file_ref idref="fl-e1"/>
      </object_component>
      <object_component id="oc-229">
         <name>.text:TxHandler</name>
         <load_address>0x29e8</load_address>
         <run_address>0x29e8</run_address>
         <size>0x14</size>
         <input_file_ref idref="fl-4"/>
      </object_component>
      <object_component id="oc-3c4">
         <name>.text:USBBufferDataWritten</name>
         <load_address>0x29fc</load_address>
         <run_address>0x29fc</run_address>
         <size>0x14</size>
         <input_file_ref idref="fl-de"/>
      </object_component>
      <object_component id="oc-2ec">
         <name>.text:USBIntEnableEndpoint</name>
         <load_address>0x2a10</load_address>
         <run_address>0x2a10</run_address>
         <size>0x14</size>
         <input_file_ref idref="fl-e2"/>
      </object_component>
      <object_component id="oc-450">
         <name>.text:USBRingBufContigUsed</name>
         <load_address>0x2a24</load_address>
         <run_address>0x2a24</run_address>
         <size>0x14</size>
         <input_file_ref idref="fl-e1"/>
      </object_component>
      <object_component id="oc-3c9">
         <name>.text:USBRingBufFlush</name>
         <load_address>0x2a38</load_address>
         <run_address>0x2a38</run_address>
         <size>0x14</size>
         <input_file_ref idref="fl-e1"/>
      </object_component>
      <object_component id="oc-192">
         <name>.text</name>
         <load_address>0x2a4c</load_address>
         <run_address>0x2a4c</run_address>
         <size>0x14</size>
         <input_file_ref idref="fl-cd"/>
      </object_component>
      <object_component id="oc-395">
         <name>.text:HandleResume</name>
         <load_address>0x2a60</load_address>
         <run_address>0x2a60</run_address>
         <size>0x12</size>
         <input_file_ref idref="fl-da"/>
      </object_component>
      <object_component id="oc-391">
         <name>.text:HandleSuspend</name>
         <load_address>0x2a72</load_address>
         <run_address>0x2a72</run_address>
         <size>0x12</size>
         <input_file_ref idref="fl-da"/>
      </object_component>
      <object_component id="oc-322">
         <name>.text:HandleTxComplete</name>
         <load_address>0x2a84</load_address>
         <run_address>0x2a84</run_address>
         <size>0x12</size>
         <input_file_ref idref="fl-de"/>
      </object_component>
      <object_component id="oc-1c6">
         <name>.text:USBEndpointStatus</name>
         <load_address>0x2a96</load_address>
         <run_address>0x2a96</run_address>
         <size>0x12</size>
         <input_file_ref idref="fl-e2"/>
      </object_component>
      <object_component id="oc-3e7">
         <name>.text:USBRingBufFree</name>
         <load_address>0x2aa8</load_address>
         <run_address>0x2aa8</run_address>
         <size>0x12</size>
         <input_file_ref idref="fl-e1"/>
      </object_component>
      <object_component id="oc-458">
         <name>.text:USBRingBufWriteOne</name>
         <load_address>0x2aba</load_address>
         <run_address>0x2aba</run_address>
         <size>0x12</size>
         <input_file_ref idref="fl-e1"/>
      </object_component>
      <object_component id="oc-2dc">
         <name>.text:SysCtlUSBPLLEnable</name>
         <load_address>0x2acc</load_address>
         <run_address>0x2acc</run_address>
         <size>0x10</size>
         <input_file_ref idref="fl-e4"/>
      </object_component>
      <object_component id="oc-43">
         <name>.text:SysTickIntHandler</name>
         <load_address>0x2adc</load_address>
         <run_address>0x2adc</run_address>
         <size>0x10</size>
         <input_file_ref idref="fl-4"/>
      </object_component>
      <object_component id="oc-233">
         <name>.text:USBDBulkTxPacketAvailable</name>
         <load_address>0x2aec</load_address>
         <run_address>0x2aec</run_address>
         <size>0x10</size>
         <input_file_ref idref="fl-da"/>
      </object_component>
      <object_component id="oc-ab">
         <name>.text:IsBufferEmpty</name>
         <load_address>0x2afc</load_address>
         <run_address>0x2afc</run_address>
         <size>0xe</size>
         <input_file_ref idref="fl-5"/>
      </object_component>
      <object_component id="oc-3bc">
         <name>.text:USBBufferInfoGet</name>
         <load_address>0x2b0a</load_address>
         <run_address>0x2b0a</run_address>
         <size>0xe</size>
         <input_file_ref idref="fl-de"/>
      </object_component>
      <object_component id="oc-12">
         <name>.text:decompress:none</name>
         <load_address>0x2b18</load_address>
         <run_address>0x2b18</run_address>
         <size>0xe</size>
         <input_file_ref idref="fl-c3"/>
      </object_component>
      <object_component id="oc-486">
         <name>.text:CPUcpsid</name>
         <load_address>0x2b26</load_address>
         <run_address>0x2b26</run_address>
         <size>0xc</size>
         <input_file_ref idref="fl-d5"/>
      </object_component>
      <object_component id="oc-48b">
         <name>.text:CPUcpsie</name>
         <load_address>0x2b32</load_address>
         <run_address>0x2b32</run_address>
         <size>0xc</size>
         <input_file_ref idref="fl-d5"/>
      </object_component>
      <object_component id="oc-139">
         <name>.text:USBIntStatusEndpoint</name>
         <load_address>0x2b3e</load_address>
         <run_address>0x2b3e</run_address>
         <size>0xc</size>
         <input_file_ref idref="fl-e2"/>
      </object_component>
      <object_component id="oc-212">
         <name>.text:USBRingBufInit</name>
         <load_address>0x2b4a</load_address>
         <run_address>0x2b4a</run_address>
         <size>0xc</size>
         <input_file_ref idref="fl-e1"/>
      </object_component>
      <object_component id="oc-17b">
         <name>.text:GPIOPinWrite</name>
         <load_address>0x2b56</load_address>
         <run_address>0x2b56</run_address>
         <size>0xa</size>
         <input_file_ref idref="fl-d3"/>
      </object_component>
      <object_component id="oc-441">
         <name>.text:IntMasterDisable</name>
         <load_address>0x2b60</load_address>
         <run_address>0x2b60</run_address>
         <size>0xa</size>
         <input_file_ref idref="fl-d4"/>
      </object_component>
      <object_component id="oc-445">
         <name>.text:IntMasterEnable</name>
         <load_address>0x2b6a</load_address>
         <run_address>0x2b6a</run_address>
         <size>0xa</size>
         <input_file_ref idref="fl-d4"/>
      </object_component>
      <object_component id="oc-2f5">
         <name>.text:USBDevConnect</name>
         <load_address>0x2b74</load_address>
         <run_address>0x2b74</run_address>
         <size>0xa</size>
         <input_file_ref idref="fl-e2"/>
      </object_component>
      <object_component id="oc-141">
         <name>.text:USBDevDisconnect</name>
         <load_address>0x2b7e</load_address>
         <run_address>0x2b7e</run_address>
         <size>0xa</size>
         <input_file_ref idref="fl-e2"/>
      </object_component>
      <object_component id="oc-2e4">
         <name>.text:USBDevMode</name>
         <load_address>0x2b88</load_address>
         <run_address>0x2b88</run_address>
         <size>0x8</size>
         <input_file_ref idref="fl-e2"/>
      </object_component>
      <object_component id="oc-2e0">
         <name>.text:USBOTGMode</name>
         <load_address>0x2b90</load_address>
         <run_address>0x2b90</run_address>
         <size>0x8</size>
         <input_file_ref idref="fl-e2"/>
      </object_component>
      <object_component id="oc-2b">
         <name>.text:ResetISR</name>
         <load_address>0x2b98</load_address>
         <run_address>0x2b98</run_address>
         <size>0x6</size>
         <input_file_ref idref="fl-2"/>
      </object_component>
      <object_component id="oc-2f4">
         <name>.text:SysCtlDelay</name>
         <load_address>0x2b9e</load_address>
         <run_address>0x2b9e</run_address>
         <size>0x6</size>
         <input_file_ref idref="fl-e4"/>
      </object_component>
      <object_component id="oc-30f">
         <name>.text:USBBufferFlush</name>
         <load_address>0x2ba4</load_address>
         <run_address>0x2ba4</run_address>
         <size>0x6</size>
         <input_file_ref idref="fl-de"/>
      </object_component>
      <object_component id="oc-3c0">
         <name>.text:USBBufferSpaceAvailable</name>
         <load_address>0x2baa</load_address>
         <run_address>0x2baa</run_address>
         <size>0x6</size>
         <input_file_ref idref="fl-de"/>
      </object_component>
      <object_component id="oc-18">
         <name>.text:decompress:rle24</name>
         <load_address>0x2bb0</load_address>
         <run_address>0x2bb0</run_address>
         <size>0x6</size>
         <input_file_ref idref="fl-c4"/>
      </object_component>
      <object_component id="oc-1ce">
         <name>.text:USBDevAddrSet</name>
         <load_address>0x2bb6</load_address>
         <run_address>0x2bb6</run_address>
         <size>0x4</size>
         <input_file_ref idref="fl-e2"/>
      </object_component>
      <object_component id="oc-81">
         <name>.text</name>
         <load_address>0x2bba</load_address>
         <run_address>0x2bba</run_address>
         <size>0x4</size>
         <input_file_ref idref="fl-ca"/>
      </object_component>
      <object_component id="oc-201">
         <name>.const:g_pulGPIOBaseAddrs</name>
         <load_address>0x2bc0</load_address>
         <run_address>0x2bc0</run_address>
         <size>0x78</size>
         <input_file_ref idref="fl-d3"/>
      </object_component>
      <object_component id="oc-3a5">
         <name>.const:g_sUSBDefaultFIFOConfig</name>
         <load_address>0x2c38</load_address>
         <run_address>0x2c38</run_address>
         <size>0x78</size>
         <input_file_ref idref="fl-d7"/>
      </object_component>
      <object_component id="oc-3b8">
         <name>.const</name>
         <load_address>0x2cb0</load_address>
         <run_address>0x2cb0</run_address>
         <size>0x70</size>
         <input_file_ref idref="fl-d4"/>
      </object_component>
      <object_component id="oc-3b4">
         <name>.const:g_pulXtals</name>
         <load_address>0x2d20</load_address>
         <run_address>0x2d20</run_address>
         <size>0x6c</size>
         <input_file_ref idref="fl-e4"/>
      </object_component>
      <object_component id="oc-3aa">
         <name>.const</name>
         <load_address>0x2d8c</load_address>
         <run_address>0x2d8c</run_address>
         <size>0x40</size>
         <input_file_ref idref="fl-e4"/>
      </object_component>
      <object_component id="oc-275">
         <name>.const:g_psUSBDStdRequests</name>
         <load_address>0x2dcc</load_address>
         <run_address>0x2dcc</run_address>
         <size>0x34</size>
         <input_file_ref idref="fl-d7"/>
      </object_component>
      <object_component id="oc-389">
         <name>.const</name>
         <load_address>0x2e00</load_address>
         <run_address>0x2e00</run_address>
         <size>0x34</size>
         <input_file_ref idref="fl-da"/>
      </object_component>
      <object_component id="oc-33e">
         <name>.const:.string:g_pConfigString</name>
         <load_address>0x2e34</load_address>
         <run_address>0x2e34</run_address>
         <size>0x30</size>
         <input_file_ref idref="fl-3"/>
      </object_component>
      <object_component id="oc-33b">
         <name>.const:.string:g_pDataInterfaceString</name>
         <load_address>0x2e64</load_address>
         <run_address>0x2e64</run_address>
         <size>0x28</size>
         <input_file_ref idref="fl-3"/>
      </object_component>
      <object_component id="oc-335">
         <name>.const:.string:g_pProductString</name>
         <load_address>0x2e8c</load_address>
         <run_address>0x2e8c</run_address>
         <size>0x28</size>
         <input_file_ref idref="fl-3"/>
      </object_component>
      <object_component id="oc-332">
         <name>.const:.string:g_pManufacturerString</name>
         <load_address>0x2eb4</load_address>
         <run_address>0x2eb4</run_address>
         <size>0x24</size>
         <input_file_ref idref="fl-3"/>
      </object_component>
      <object_component id="oc-185">
         <name>.const:g_sBulkDevice</name>
         <load_address>0x2ed8</load_address>
         <run_address>0x2ed8</run_address>
         <size>0x24</size>
         <input_file_ref idref="fl-3"/>
      </object_component>
      <object_component id="oc-182">
         <name>.const:g_sRxBuffer</name>
         <load_address>0x2efc</load_address>
         <run_address>0x2efc</run_address>
         <size>0x24</size>
         <input_file_ref idref="fl-3"/>
      </object_component>
      <object_component id="oc-17f">
         <name>.const:g_sTxBuffer</name>
         <load_address>0x2f20</load_address>
         <run_address>0x2f20</run_address>
         <size>0x24</size>
         <input_file_ref idref="fl-3"/>
      </object_component>
      <object_component id="oc-253">
         <name>.const:g_pStringDescriptors</name>
         <load_address>0x2f44</load_address>
         <run_address>0x2f44</run_address>
         <size>0x18</size>
         <input_file_ref idref="fl-3"/>
      </object_component>
      <object_component id="oc-338">
         <name>.const:.string:g_pSerialNumberString</name>
         <load_address>0x2f5c</load_address>
         <run_address>0x2f5c</run_address>
         <size>0x12</size>
         <input_file_ref idref="fl-3"/>
      </object_component>
      <object_component id="oc-29e">
         <name>.const:g_ulUARTBase</name>
         <load_address>0x2f70</load_address>
         <run_address>0x2f70</run_address>
         <size>0xc</size>
         <input_file_ref idref="fl-5"/>
      </object_component>
      <object_component id="oc-116">
         <name>.const:g_ulUARTInt</name>
         <load_address>0x2f7c</load_address>
         <run_address>0x2f7c</run_address>
         <size>0xc</size>
         <input_file_ref idref="fl-5"/>
      </object_component>
      <object_component id="oc-29b">
         <name>.const:g_ulUARTPeriph</name>
         <load_address>0x2f88</load_address>
         <run_address>0x2f88</run_address>
         <size>0xc</size>
         <input_file_ref idref="fl-5"/>
      </object_component>
      <object_component id="oc-32f">
         <name>.const:.string:g_pLangDescriptor</name>
         <load_address>0x2f94</load_address>
         <run_address>0x2f94</run_address>
         <size>0x4</size>
         <input_file_ref idref="fl-3"/>
      </object_component>
      <object_component id="oc-4d6">
         <name>.cinit..data.load</name>
         <load_address>0x2f98</load_address>
         <run_address>0x2f98</run_address>
         <size>0x71</size>
      </object_component>
      <object_component id="oc-4d7">
         <name>.cinit..bss.load</name>
         <load_address>0x3010</load_address>
         <run_address>0x3010</run_address>
         <size>0xb</size>
      </object_component>
      <object_component id="oc-4d4">
         <name>__TI_handler_table</name>
         <load_address>0x301c</load_address>
         <run_address>0x301c</run_address>
         <size>0x8</size>
      </object_component>
      <object_component id="oc-4d5">
         <name>__TI_cinit_table</name>
         <load_address>0x3024</load_address>
         <run_address>0x3024</run_address>
         <size>0x10</size>
      </object_component>
      <object_component id="oc-a1">
         <name>.data</name>
         <load_address>0x20000c28</load_address>
         <run_address>0x20000c28</run_address>
         <size>0x11</size>
         <input_file_ref idref="fl-4"/>
      </object_component>
      <object_component id="oc-bd">
         <name>.data</name>
         <load_address>0x20000c10</load_address>
         <run_address>0x20000c10</run_address>
         <size>0x15</size>
         <input_file_ref idref="fl-5"/>
      </object_component>
      <object_component id="oc-107">
         <name>.data:$O1$$</name>
         <load_address>0x20000c3c</load_address>
         <run_address>0x20000c3c</run_address>
         <size>0xc</size>
         <input_file_ref idref="fl-c6"/>
      </object_component>
      <object_component id="oc-99">
         <name>.data</name>
         <load_address>0x20000c68</load_address>
         <run_address>0x20000c68</run_address>
         <size>0x4</size>
         <input_file_ref idref="fl-cb"/>
      </object_component>
      <object_component id="oc-10a">
         <name>.data:$O1$$</name>
         <load_address>0x20000c60</load_address>
         <run_address>0x20000c60</run_address>
         <size>0x8</size>
         <input_file_ref idref="fl-cd"/>
      </object_component>
      <object_component id="oc-147">
         <name>.data</name>
         <load_address>0x20000c6c</load_address>
         <run_address>0x20000c6c</run_address>
         <size>0x4</size>
         <input_file_ref idref="fl-d7"/>
      </object_component>
      <object_component id="oc-2cb">
         <name>.data</name>
         <load_address>0x20000bec</load_address>
         <run_address>0x20000bec</run_address>
         <size>0x24</size>
         <input_file_ref idref="fl-da"/>
      </object_component>
      <object_component id="oc-2cd">
         <name>.data:g_sBulkDeviceInfo</name>
         <load_address>0x20000ba0</load_address>
         <run_address>0x20000ba0</run_address>
         <size>0x4c</size>
         <input_file_ref idref="fl-da"/>
      </object_component>
      <object_component id="oc-145">
         <name>.data</name>
         <load_address>0x20000c48</load_address>
         <run_address>0x20000c48</run_address>
         <size>0xc</size>
         <input_file_ref idref="fl-db"/>
      </object_component>
      <object_component id="oc-218">
         <name>.data</name>
         <load_address>0x20000c54</load_address>
         <run_address>0x20000c54</run_address>
         <size>0x9</size>
         <input_file_ref idref="fl-dc"/>
      </object_component>
      <object_component id="oc-c0">
         <name>.bss</name>
         <uninitialized>true</uninitialized>
         <run_address>0x20000798</run_address>
         <size>0x8</size>
         <input_file_ref idref="fl-5"/>
      </object_component>
      <object_component id="oc-119">
         <name>.bss:g_pcUARTTxBuffer</name>
         <uninitialized>true</uninitialized>
         <run_address>0x20000000</run_address>
         <size>0x400</size>
         <input_file_ref idref="fl-5"/>
      </object_component>
      <object_component id="oc-c3">
         <name>.bss:g_pcUARTRxBuffer</name>
         <uninitialized>true</uninitialized>
         <run_address>0x20000600</run_address>
         <size>0x80</size>
         <input_file_ref idref="fl-5"/>
      </object_component>
      <object_component id="oc-273">
         <name>.bss:g_pucDataBufferIn</name>
         <uninitialized>true</uninitialized>
         <run_address>0x200006d4</run_address>
         <size>0x40</size>
         <input_file_ref idref="fl-d7"/>
      </object_component>
      <object_component id="oc-148">
         <name>.bss:g_psUSBDevice</name>
         <uninitialized>true</uninitialized>
         <run_address>0x20000680</run_address>
         <size>0x54</size>
         <input_file_ref idref="fl-d7"/>
      </object_component>
      <object_component id="oc-1c1">
         <name>.bss</name>
         <uninitialized>true</uninitialized>
         <run_address>0x20000714</run_address>
         <size>0x30</size>
         <input_file_ref idref="fl-db"/>
      </object_component>
      <object_component id="oc-21a">
         <name>.bss</name>
         <uninitialized>true</uninitialized>
         <run_address>0x2000078c</run_address>
         <size>0xc</size>
         <input_file_ref idref="fl-dc"/>
      </object_component>
      <object_component id="oc-256">
         <name>.common:g_sBulkInstance</name>
         <uninitialized>true</uninitialized>
         <run_address>0x20000774</run_address>
         <size>0x18</size>
      </object_component>
      <object_component id="oc-24b">
         <name>.common:g_pucUSBRxBuffer</name>
         <uninitialized>true</uninitialized>
         <run_address>0x20000400</run_address>
         <size>0x100</size>
      </object_component>
      <object_component id="oc-24c">
         <name>.common:g_pucRxBufferWorkspace</name>
         <uninitialized>true</uninitialized>
         <run_address>0x20000744</run_address>
         <size>0x18</size>
      </object_component>
      <object_component id="oc-237">
         <name>.common:g_pucUSBTxBuffer</name>
         <uninitialized>true</uninitialized>
         <run_address>0x20000500</run_address>
         <size>0x100</size>
      </object_component>
      <object_component id="oc-23a">
         <name>.common:g_pucTxBufferWorkspace</name>
         <uninitialized>true</uninitialized>
         <run_address>0x2000075c</run_address>
         <size>0x18</size>
      </object_component>
      <object_component id="oc-2a">
         <name>.stack</name>
         <uninitialized>true</uninitialized>
         <run_address>0x200007a0</run_address>
         <size>0x0</size>
         <input_file_ref idref="fl-c2"/>
      </object_component>
      <object_component id="oc-4d8">
         <name>.stack</name>
         <uninitialized>true</uninitialized>
         <run_address>0x200007a0</run_address>
         <size>0x0</size>
      </object_component>
      <object_component id="oc-55">
         <name>.debug_info</name>
         <load_address>0x0</load_address>
         <run_address>0x0</run_address>
         <size>0x17e</size>
         <input_file_ref idref="fl-2"/>
      </object_component>
      <object_component id="oc-10">
         <name>.debug_info</name>
         <load_address>0x17e</load_address>
         <run_address>0x17e</run_address>
         <size>0xe1</size>
         <input_file_ref idref="fl-2"/>
      </object_component>
      <object_component id="oc-2c">
         <name>.debug_info</name>
         <load_address>0x25f</load_address>
         <run_address>0x25f</run_address>
         <size>0x111</size>
         <input_file_ref idref="fl-2"/>
      </object_component>
      <object_component id="oc-32">
         <name>.debug_info</name>
         <load_address>0x370</load_address>
         <run_address>0x370</run_address>
         <size>0x102</size>
         <input_file_ref idref="fl-2"/>
      </object_component>
      <object_component id="oc-3e">
         <name>.debug_info</name>
         <load_address>0x472</load_address>
         <run_address>0x472</run_address>
         <size>0x11a</size>
         <input_file_ref idref="fl-2"/>
      </object_component>
      <object_component id="oc-38">
         <name>.debug_info</name>
         <load_address>0x58c</load_address>
         <run_address>0x58c</run_address>
         <size>0x108</size>
         <input_file_ref idref="fl-2"/>
      </object_component>
      <object_component id="oc-cc">
         <name>.debug_info</name>
         <load_address>0x694</load_address>
         <run_address>0x694</run_address>
         <size>0x84</size>
         <input_file_ref idref="fl-2"/>
      </object_component>
      <object_component id="oc-238">
         <name>.debug_info</name>
         <load_address>0x718</load_address>
         <run_address>0x718</run_address>
         <size>0x5ee</size>
         <input_file_ref idref="fl-3"/>
      </object_component>
      <object_component id="oc-330">
         <name>.debug_info</name>
         <load_address>0xd06</load_address>
         <run_address>0xd06</run_address>
         <size>0xf0</size>
         <input_file_ref idref="fl-3"/>
      </object_component>
      <object_component id="oc-333">
         <name>.debug_info</name>
         <load_address>0xdf6</load_address>
         <run_address>0xdf6</run_address>
         <size>0xf8</size>
         <input_file_ref idref="fl-3"/>
      </object_component>
      <object_component id="oc-336">
         <name>.debug_info</name>
         <load_address>0xeee</load_address>
         <run_address>0xeee</run_address>
         <size>0xee</size>
         <input_file_ref idref="fl-3"/>
      </object_component>
      <object_component id="oc-339">
         <name>.debug_info</name>
         <load_address>0xfdc</load_address>
         <run_address>0xfdc</run_address>
         <size>0xf8</size>
         <input_file_ref idref="fl-3"/>
      </object_component>
      <object_component id="oc-33c">
         <name>.debug_info</name>
         <load_address>0x10d4</load_address>
         <run_address>0x10d4</run_address>
         <size>0xfa</size>
         <input_file_ref idref="fl-3"/>
      </object_component>
      <object_component id="oc-33f">
         <name>.debug_info</name>
         <load_address>0x11ce</load_address>
         <run_address>0x11ce</run_address>
         <size>0xec</size>
         <input_file_ref idref="fl-3"/>
      </object_component>
      <object_component id="oc-254">
         <name>.debug_info</name>
         <load_address>0x12ba</load_address>
         <run_address>0x12ba</run_address>
         <size>0xf6</size>
         <input_file_ref idref="fl-3"/>
      </object_component>
      <object_component id="oc-186">
         <name>.debug_info</name>
         <load_address>0x13b0</load_address>
         <run_address>0x13b0</run_address>
         <size>0xe8</size>
         <input_file_ref idref="fl-3"/>
      </object_component>
      <object_component id="oc-183">
         <name>.debug_info</name>
         <load_address>0x1498</load_address>
         <run_address>0x1498</run_address>
         <size>0xe4</size>
         <input_file_ref idref="fl-3"/>
      </object_component>
      <object_component id="oc-180">
         <name>.debug_info</name>
         <load_address>0x157c</load_address>
         <run_address>0x157c</run_address>
         <size>0xe4</size>
         <input_file_ref idref="fl-3"/>
      </object_component>
      <object_component id="oc-1a0">
         <name>.debug_info</name>
         <load_address>0x1660</load_address>
         <run_address>0x1660</run_address>
         <size>0x240</size>
         <input_file_ref idref="fl-3"/>
      </object_component>
      <object_component id="oc-1a5">
         <name>.debug_info</name>
         <load_address>0x18a0</load_address>
         <run_address>0x18a0</run_address>
         <size>0x1fc</size>
         <input_file_ref idref="fl-3"/>
      </object_component>
      <object_component id="oc-1aa">
         <name>.debug_info</name>
         <load_address>0x1a9c</load_address>
         <run_address>0x1a9c</run_address>
         <size>0xa58</size>
         <input_file_ref idref="fl-3"/>
      </object_component>
      <object_component id="oc-c7">
         <name>.debug_info</name>
         <load_address>0x24f4</load_address>
         <run_address>0x24f4</run_address>
         <size>0x2c</size>
         <input_file_ref idref="fl-3"/>
      </object_component>
      <object_component id="oc-25c">
         <name>.debug_info</name>
         <load_address>0x2520</load_address>
         <run_address>0x2520</run_address>
         <size>0xcd</size>
         <input_file_ref idref="fl-3"/>
      </object_component>
      <object_component id="oc-114">
         <name>.debug_info</name>
         <load_address>0x25ed</load_address>
         <run_address>0x25ed</run_address>
         <size>0x5f9</size>
         <input_file_ref idref="fl-4"/>
      </object_component>
      <object_component id="oc-a2">
         <name>.debug_info</name>
         <load_address>0x2be6</load_address>
         <run_address>0x2be6</run_address>
         <size>0x18b</size>
         <input_file_ref idref="fl-4"/>
      </object_component>
      <object_component id="oc-100">
         <name>.debug_info</name>
         <load_address>0x2d71</load_address>
         <run_address>0x2d71</run_address>
         <size>0x2e1</size>
         <input_file_ref idref="fl-4"/>
      </object_component>
      <object_component id="oc-22a">
         <name>.debug_info</name>
         <load_address>0x3052</load_address>
         <run_address>0x3052</run_address>
         <size>0x1b9</size>
         <input_file_ref idref="fl-4"/>
      </object_component>
      <object_component id="oc-44">
         <name>.debug_info</name>
         <load_address>0x320b</load_address>
         <run_address>0x320b</run_address>
         <size>0x126</size>
         <input_file_ref idref="fl-4"/>
      </object_component>
      <object_component id="oc-30b">
         <name>.debug_info</name>
         <load_address>0x3331</load_address>
         <run_address>0x3331</run_address>
         <size>0x292</size>
         <input_file_ref idref="fl-4"/>
      </object_component>
      <object_component id="oc-240">
         <name>.debug_info</name>
         <load_address>0x35c3</load_address>
         <run_address>0x35c3</run_address>
         <size>0x208</size>
         <input_file_ref idref="fl-4"/>
      </object_component>
      <object_component id="oc-11d">
         <name>.debug_info</name>
         <load_address>0x37cb</load_address>
         <run_address>0x37cb</run_address>
         <size>0x13f</size>
         <input_file_ref idref="fl-5"/>
      </object_component>
      <object_component id="oc-c1">
         <name>.debug_info</name>
         <load_address>0x390a</load_address>
         <run_address>0x390a</run_address>
         <size>0x11c</size>
         <input_file_ref idref="fl-5"/>
      </object_component>
      <object_component id="oc-11a">
         <name>.debug_info</name>
         <load_address>0x3a26</load_address>
         <run_address>0x3a26</run_address>
         <size>0xfa</size>
         <input_file_ref idref="fl-5"/>
      </object_component>
      <object_component id="oc-be">
         <name>.debug_info</name>
         <load_address>0x3b20</load_address>
         <run_address>0x3b20</run_address>
         <size>0x1c6</size>
         <input_file_ref idref="fl-5"/>
      </object_component>
      <object_component id="oc-c4">
         <name>.debug_info</name>
         <load_address>0x3ce6</load_address>
         <run_address>0x3ce6</run_address>
         <size>0xfa</size>
         <input_file_ref idref="fl-5"/>
      </object_component>
      <object_component id="oc-29f">
         <name>.debug_info</name>
         <load_address>0x3de0</load_address>
         <run_address>0x3de0</run_address>
         <size>0xf2</size>
         <input_file_ref idref="fl-5"/>
      </object_component>
      <object_component id="oc-117">
         <name>.debug_info</name>
         <load_address>0x3ed2</load_address>
         <run_address>0x3ed2</run_address>
         <size>0xf0</size>
         <input_file_ref idref="fl-5"/>
      </object_component>
      <object_component id="oc-29c">
         <name>.debug_info</name>
         <load_address>0x3fc2</load_address>
         <run_address>0x3fc2</run_address>
         <size>0xf6</size>
         <input_file_ref idref="fl-5"/>
      </object_component>
      <object_component id="oc-b8">
         <name>.debug_info</name>
         <load_address>0x40b8</load_address>
         <run_address>0x40b8</run_address>
         <size>0x208</size>
         <input_file_ref idref="fl-5"/>
      </object_component>
      <object_component id="oc-ac">
         <name>.debug_info</name>
         <load_address>0x42c0</load_address>
         <run_address>0x42c0</run_address>
         <size>0x1e0</size>
         <input_file_ref idref="fl-5"/>
      </object_component>
      <object_component id="oc-a6">
         <name>.debug_info</name>
         <load_address>0x44a0</load_address>
         <run_address>0x44a0</run_address>
         <size>0x1c9</size>
         <input_file_ref idref="fl-5"/>
      </object_component>
      <object_component id="oc-b2">
         <name>.debug_info</name>
         <load_address>0x4669</load_address>
         <run_address>0x4669</run_address>
         <size>0x206</size>
         <input_file_ref idref="fl-5"/>
      </object_component>
      <object_component id="oc-16a">
         <name>.debug_info</name>
         <load_address>0x486f</load_address>
         <run_address>0x486f</run_address>
         <size>0x292</size>
         <input_file_ref idref="fl-5"/>
      </object_component>
      <object_component id="oc-4a">
         <name>.debug_info</name>
         <load_address>0x4b01</load_address>
         <run_address>0x4b01</run_address>
         <size>0x284</size>
         <input_file_ref idref="fl-5"/>
      </object_component>
      <object_component id="oc-290">
         <name>.debug_info</name>
         <load_address>0x4d85</load_address>
         <run_address>0x4d85</run_address>
         <size>0x171</size>
         <input_file_ref idref="fl-5"/>
      </object_component>
      <object_component id="oc-296">
         <name>.debug_info</name>
         <load_address>0x4ef6</load_address>
         <run_address>0x4ef6</run_address>
         <size>0x1bd</size>
         <input_file_ref idref="fl-5"/>
      </object_component>
      <object_component id="oc-206">
         <name>.debug_info</name>
         <load_address>0x50b3</load_address>
         <run_address>0x50b3</run_address>
         <size>0x24e</size>
         <input_file_ref idref="fl-5"/>
      </object_component>
      <object_component id="oc-164">
         <name>.debug_info</name>
         <load_address>0x5301</load_address>
         <run_address>0x5301</run_address>
         <size>0x1a7</size>
         <input_file_ref idref="fl-5"/>
      </object_component>
      <object_component id="oc-e7">
         <name>.debug_info</name>
         <load_address>0x54a8</load_address>
         <run_address>0x54a8</run_address>
         <size>0x2c</size>
         <input_file_ref idref="fl-6"/>
      </object_component>
      <object_component id="oc-26">
         <name>.debug_info</name>
         <load_address>0x54d4</load_address>
         <run_address>0x54d4</run_address>
         <size>0x161</size>
         <input_file_ref idref="fl-c2"/>
      </object_component>
      <object_component id="oc-61">
         <name>.debug_info</name>
         <load_address>0x5635</load_address>
         <run_address>0x5635</run_address>
         <size>0x141</size>
         <input_file_ref idref="fl-c3"/>
      </object_component>
      <object_component id="oc-13">
         <name>.debug_info</name>
         <load_address>0x5776</load_address>
         <run_address>0x5776</run_address>
         <size>0x1e0</size>
         <input_file_ref idref="fl-c3"/>
      </object_component>
      <object_component id="oc-5c">
         <name>.debug_info</name>
         <load_address>0x5956</load_address>
         <run_address>0x5956</run_address>
         <size>0x46</size>
         <input_file_ref idref="fl-c3"/>
      </object_component>
      <object_component id="oc-dd">
         <name>.debug_info</name>
         <load_address>0x599c</load_address>
         <run_address>0x599c</run_address>
         <size>0x2c</size>
         <input_file_ref idref="fl-c3"/>
      </object_component>
      <object_component id="oc-69">
         <name>.debug_info</name>
         <load_address>0x59c8</load_address>
         <run_address>0x59c8</run_address>
         <size>0x135</size>
         <input_file_ref idref="fl-c4"/>
      </object_component>
      <object_component id="oc-63">
         <name>.debug_info</name>
         <load_address>0x5afd</load_address>
         <run_address>0x5afd</run_address>
         <size>0x248</size>
         <input_file_ref idref="fl-c4"/>
      </object_component>
      <object_component id="oc-1a">
         <name>.debug_info</name>
         <load_address>0x5d45</load_address>
         <run_address>0x5d45</run_address>
         <size>0x1b2</size>
         <input_file_ref idref="fl-c4"/>
      </object_component>
      <object_component id="oc-6a">
         <name>.debug_info</name>
         <load_address>0x5ef7</load_address>
         <run_address>0x5ef7</run_address>
         <size>0x39</size>
         <input_file_ref idref="fl-c4"/>
      </object_component>
      <object_component id="oc-10e">
         <name>.debug_info</name>
         <load_address>0x5f30</load_address>
         <run_address>0x5f30</run_address>
         <size>0x235</size>
         <input_file_ref idref="fl-c6"/>
      </object_component>
      <object_component id="oc-108">
         <name>.debug_info</name>
         <load_address>0x6165</load_address>
         <run_address>0x6165</run_address>
         <size>0x186</size>
         <input_file_ref idref="fl-c6"/>
      </object_component>
      <object_component id="oc-94">
         <name>.debug_info</name>
         <load_address>0x62eb</load_address>
         <run_address>0x62eb</run_address>
         <size>0x215</size>
         <input_file_ref idref="fl-c6"/>
      </object_component>
      <object_component id="oc-57">
         <name>.debug_info</name>
         <load_address>0x6500</load_address>
         <run_address>0x6500</run_address>
         <size>0x112</size>
         <input_file_ref idref="fl-c7"/>
      </object_component>
      <object_component id="oc-70">
         <name>.debug_info</name>
         <load_address>0x6612</load_address>
         <run_address>0x6612</run_address>
         <size>0x140</size>
         <input_file_ref idref="fl-c8"/>
      </object_component>
      <object_component id="oc-7d">
         <name>.debug_info</name>
         <load_address>0x6752</load_address>
         <run_address>0x6752</run_address>
         <size>0x139</size>
         <input_file_ref idref="fl-c9"/>
      </object_component>
      <object_component id="oc-82">
         <name>.debug_info</name>
         <load_address>0x688b</load_address>
         <run_address>0x688b</run_address>
         <size>0x149</size>
         <input_file_ref idref="fl-ca"/>
      </object_component>
      <object_component id="oc-9a">
         <name>.debug_info</name>
         <load_address>0x69d4</load_address>
         <run_address>0x69d4</run_address>
         <size>0x10a</size>
         <input_file_ref idref="fl-cb"/>
      </object_component>
      <object_component id="oc-20d">
         <name>.debug_info</name>
         <load_address>0x6ade</load_address>
         <run_address>0x6ade</run_address>
         <size>0x13b</size>
         <input_file_ref idref="fl-cc"/>
      </object_component>
      <object_component id="oc-19a">
         <name>.debug_info</name>
         <load_address>0x6c19</load_address>
         <run_address>0x6c19</run_address>
         <size>0x125</size>
         <input_file_ref idref="fl-cd"/>
      </object_component>
      <object_component id="oc-10b">
         <name>.debug_info</name>
         <load_address>0x6d3e</load_address>
         <run_address>0x6d3e</run_address>
         <size>0x114</size>
         <input_file_ref idref="fl-cd"/>
      </object_component>
      <object_component id="oc-196">
         <name>.debug_info</name>
         <load_address>0x6e52</load_address>
         <run_address>0x6e52</run_address>
         <size>0x220</size>
         <input_file_ref idref="fl-cd"/>
      </object_component>
      <object_component id="oc-106">
         <name>.debug_info</name>
         <load_address>0x7072</load_address>
         <run_address>0x7072</run_address>
         <size>0x167</size>
[...]
      <symbol id="sm-2d4">
         <name>__aeabi_memset</name>
         <value>0x17c7</value>
         <object_component_ref idref="oc-6f"/>
      </symbol>
      <symbol id="sm-2d5">
         <name>memset</name>
         <value>0x17cd</value>
         <object_component_ref idref="oc-6f"/>
      </symbol>
      <symbol id="sm-2d6">
         <name>__aeabi_memset8</name>
         <value>0x17c7</value>
         <object_component_ref idref="oc-6f"/>
      </symbol>
      <symbol id="sm-2d7">
         <name>__aeabi_memset4</name>
         <value>0x17c7</value>
         <object_component_ref idref="oc-6f"/>
      </symbol>
      <symbol id="sm-2d8">
         <name>__aeabi_memclr8</name>
         <value>0x17c5</value>
         <object_component_ref idref="oc-6f"/>
      </symbol>
      <symbol id="sm-2d9">
         <name>__aeabi_memclr4</name>
         <value>0x17c5</value>
         <object_component_ref idref="oc-6f"/>
      </symbol>
      <symbol id="sm-2da">
         <name>__aeabi_memclr</name>
         <value>0x17c5</value>
         <object_component_ref idref="oc-6f"/>
      </symbol>
      <symbol id="sm-2e4">
         <name>__mpu_init</name>
         <value>0x1b4f</value>
         <object_component_ref idref="oc-7b"/>
      </symbol>
      <symbol id="sm-2ee">
         <name>_system_pre_init</name>
         <value>0x2bbb</value>
         <object_component_ref idref="oc-81"/>
      </symbol>
      <symbol id="sm-2f6">
         <name>main_func_sp</name>
         <value>0x20000c68</value>
         <object_component_ref idref="oc-99"/>
      </symbol>
      <symbol id="sm-305">
         <name>__aeabi_uidivmod</name>
         <value>0x2225</value>
         <object_component_ref idref="oc-20c"/>
      </symbol>
      <symbol id="sm-306">
         <name>__aeabi_uidiv</name>
         <value>0x2225</value>
         <object_component_ref idref="oc-20c"/>
      </symbol>
      <symbol id="sm-31f">
         <name>_nop</name>
         <value>0x2a5b</value>
         <object_component_ref idref="oc-192"/>
      </symbol>
      <symbol id="sm-320">
         <name>_lock</name>
         <value>0x20000c60</value>
         <object_component_ref idref="oc-10a"/>
      </symbol>
      <symbol id="sm-321">
         <name>_unlock</name>
         <value>0x20000c64</value>
         <object_component_ref idref="oc-10a"/>
      </symbol>
      <symbol id="sm-322">
         <name>_register_lock</name>
         <value>0x2a53</value>
         <object_component_ref idref="oc-192"/>
      </symbol>
      <symbol id="sm-323">
         <name>_register_unlock</name>
         <value>0x2a4d</value>
         <object_component_ref idref="oc-192"/>
      </symbol>
      <symbol id="sm-337">
         <name>_args_main</name>
         <value>0x2979</value>
         <object_component_ref idref="oc-8d"/>
      </symbol>
      <symbol id="sm-35c">
         <name>__TI_auto_init</name>
         <value>0x19a1</value>
         <object_component_ref idref="oc-87"/>
      </symbol>
      <symbol id="sm-376">
         <name>copy_in</name>
         <value>0x202d</value>
         <object_component_ref idref="oc-f1"/>
      </symbol>
      <symbol id="sm-380">
         <name>__aeabi_idiv0</name>
         <value>0x192f</value>
         <object_component_ref idref="oc-2a2"/>
      </symbol>
      <symbol id="sm-38a">
         <name>_system_post_cinit</name>
         <value>0x1cdb</value>
         <object_component_ref idref="oc-f7"/>
      </symbol>
      <symbol id="sm-3ae">
         <name>GPIOPinConfigure</name>
         <value>0x20c5</value>
         <object_component_ref idref="oc-15f"/>
      </symbol>
      <symbol id="sm-3af">
         <name>GPIOPinWrite</name>
         <value>0x2b57</value>
         <object_component_ref idref="oc-17b"/>
      </symbol>
      <symbol id="sm-3dd">
         <name>IntEnable</name>
         <value>0x1bb9</value>
         <object_component_ref idref="oc-2f9"/>
      </symbol>
      <symbol id="sm-3de">
         <name>IntMasterDisable</name>
         <value>0x2b61</value>
         <object_component_ref idref="oc-441"/>
      </symbol>
      <symbol id="sm-3df">
         <name>IntMasterEnable</name>
         <value>0x2b6b</value>
         <object_component_ref idref="oc-445"/>
      </symbol>
      <symbol id="sm-3ed">
         <name>CPUcpsie</name>
         <value>0x2b33</value>
         <object_component_ref idref="oc-48b"/>
      </symbol>
      <symbol id="sm-3ee">
         <name>CPUcpsid</name>
         <value>0x2b27</value>
         <object_component_ref idref="oc-486"/>
      </symbol>
      <symbol id="sm-413">
         <name>USB0DeviceIntHandler</name>
         <value>0x2919</value>
         <object_component_ref idref="oc-4f"/>
      </symbol>
      <symbol id="sm-56c">
         <name>g_psUSBDevice</name>
         <value>0x20000680</value>
         <object_component_ref idref="oc-148"/>
      </symbol>
      <symbol id="sm-56d">
         <name>USBDCDStallEP0</name>
         <value>0x28ad</value>
         <object_component_ref idref="oc-26f"/>
      </symbol>
      <symbol id="sm-56e">
         <name>g_sUSBDefaultFIFOConfig</name>
         <value>0x2c38</value>
         <object_component_ref idref="oc-3a5"/>
      </symbol>
      <symbol id="sm-56f">
         <name>USBDeviceEnumHandler</name>
         <value>0xdb9</value>
         <object_component_ref idref="oc-13d"/>
      </symbol>
      <symbol id="sm-570">
         <name>USBDCDInit</name>
         <value>0xcc5</value>
         <object_component_ref idref="oc-222"/>
      </symbol>
      <symbol id="sm-571">
         <name>USBDeviceEnumResetHandler</name>
         <value>0x2465</value>
         <object_component_ref idref="oc-12d"/>
      </symbol>
      <symbol id="sm-572">
         <name>USBDeviceIntHandlerInternal</name>
         <value>0x1225</value>
         <object_component_ref idref="oc-d5"/>
      </symbol>
      <symbol id="sm-573">
         <name>USBDeviceResumeTickHandler</name>
         <value>0x210d</value>
         <object_component_ref idref="oc-131"/>
      </symbol>
      <symbol id="sm-616">
         <name>USBDeviceConfigAlternate</name>
         <value>0xf5d</value>
         <object_component_ref idref="oc-41a"/>
      </symbol>
      <symbol id="sm-617">
         <name>USBDeviceConfig</name>
         <value>0x87d</value>
         <object_component_ref idref="oc-40c"/>
      </symbol>
      <symbol id="sm-67c">
         <name>USBDCDConfigDescGet</name>
         <value>0x1f3d</value>
         <object_component_ref idref="oc-45f"/>
      </symbol>
      <symbol id="sm-67d">
         <name>USBDCDConfigGetInterface</name>
         <value>0x2891</value>
         <object_component_ref idref="oc-416"/>
      </symbol>
      <symbol id="sm-67e">
         <name>USBDCDConfigDescGetSize</name>
         <value>0x2931</value>
         <object_component_ref idref="oc-278"/>
      </symbol>
      <symbol id="sm-67f">
         <name>USBDCDConfigGetInterfaceEndpoint</name>
         <value>0x22e1</value>
         <object_component_ref idref="oc-463"/>
      </symbol>
      <symbol id="sm-680">
         <name>USBDCDConfigDescGetNum</name>
         <value>0x25dd</value>
         <object_component_ref idref="oc-412"/>
      </symbol>
      <symbol id="sm-725">
         <name>USBDBulkTxPacketAvailable</name>
         <value>0x2aed</value>
         <object_component_ref idref="oc-233"/>
      </symbol>
      <symbol id="sm-726">
         <name>USBDBulkCompositeInit</name>
         <value>0x1931</value>
         <object_component_ref idref="oc-21e"/>
      </symbol>
      <symbol id="sm-727">
         <name>g_sBulkInterfaceSection</name>
         <value>0x2e20</value>
         <object_component_ref idref="oc-389"/>
      </symbol>
      <symbol id="sm-728">
         <name>g_psBulkSections</name>
         <value>0x20000c08</value>
         <object_component_ref idref="oc-2cb"/>
      </symbol>
      <symbol id="sm-729">
         <name>g_sBulkConfigSection</name>
         <value>0x2e18</value>
         <object_component_ref idref="oc-389"/>
      </symbol>
      <symbol id="sm-72a">
         <name>g_pBulkInterface</name>
         <value>0x2e00</value>
         <object_component_ref idref="oc-389"/>
      </symbol>
      <symbol id="sm-72b">
         <name>USBDBulkInit</name>
         <value>0x2875</value>
         <object_component_ref idref="oc-177"/>
      </symbol>
      <symbol id="sm-72c">
         <name>USBDBulkRxPacketAvailable</name>
         <value>0x27c7</value>
         <object_component_ref idref="oc-247"/>
      </symbol>
      <symbol id="sm-72d">
         <name>USBDBulkPacketRead</name>
         <value>0x1ae7</value>
         <object_component_ref idref="oc-243"/>
      </symbol>
      <symbol id="sm-72e">
         <name>g_pBulkDescriptor</name>
         <value>0x20000bfe</value>
         <object_component_ref idref="oc-2cb"/>
      </symbol>
      <symbol id="sm-72f">
         <name>g_pBulkConfigDescriptors</name>
         <value>0x2e30</value>
         <object_component_ref idref="oc-389"/>
      </symbol>
      <symbol id="sm-730">
         <name>USBDBulkPacketWrite</name>
         <value>0x2079</value>
         <object_component_ref idref="oc-22f"/>
      </symbol>
      <symbol id="sm-731">
         <name>g_sBulkDeviceInfo</name>
         <value>0x20000ba0</value>
         <object_component_ref idref="oc-2cd"/>
      </symbol>
      <symbol id="sm-732">
         <name>g_pBulkDeviceDescriptor</name>
         <value>0x20000bec</value>
         <object_component_ref idref="oc-2cb"/>
      </symbol>
      <symbol id="sm-733">
         <name>g_sBulkConfigHeader</name>
         <value>0x2e28</value>
         <object_component_ref idref="oc-389"/>
      </symbol>
      <symbol id="sm-774">
         <name>g_pfTickHandlers</name>
         <value>0x20000714</value>
         <object_component_ref idref="oc-1c1"/>
      </symbol>
      <symbol id="sm-775">
         <name>g_ulUSBSOFCount</name>
         <value>0x20000c50</value>
         <object_component_ref idref="oc-145"/>
      </symbol>
      <symbol id="sm-776">
         <name>g_pvTickInstance</name>
         <value>0x2000072c</value>
         <object_component_ref idref="oc-1c1"/>
      </symbol>
      <symbol id="sm-777">
         <name>g_bUSBTimerInitialized</name>
         <value>0x20000c48</value>
         <object_component_ref idref="oc-145"/>
      </symbol>
      <symbol id="sm-778">
         <name>InternalUSBStartOfFrameTick</name>
         <value>0x2431</value>
         <object_component_ref idref="oc-135"/>
      </symbol>
      <symbol id="sm-779">
         <name>InternalUSBRegisterTickHandler</name>
         <value>0x2559</value>
         <object_component_ref idref="oc-2c7"/>
      </symbol>
      <symbol id="sm-77a">
         <name>InternalUSBTickInit</name>
         <value>0x24c9</value>
         <object_component_ref idref="oc-2c3"/>
      </symbol>
      <symbol id="sm-77b">
         <name>g_ulCurrentUSBTick</name>
         <value>0x20000c4c</value>
         <object_component_ref idref="oc-145"/>
      </symbol>
      <symbol id="sm-7a3">
         <name>g_ulPollRate</name>
         <value>0x2000078c</value>
         <object_component_ref idref="oc-21a"/>
      </symbol>
      <symbol id="sm-7a4">
         <name>g_eOTGModeState</name>
         <value>0x20000790</value>
         <object_component_ref idref="oc-21a"/>
      </symbol>
      <symbol id="sm-7a5">
         <name>USBStackModeSet</name>
         <value>0x2789</value>
         <object_component_ref idref="oc-173"/>
      </symbol>
      <symbol id="sm-7a6">
         <name>g_ulWaitTicks</name>
         <value>0x20000c58</value>
         <object_component_ref idref="oc-218"/>
      </symbol>
      <symbol id="sm-7a7">
         <name>g_eUSBMode</name>
         <value>0x20000c54</value>
         <object_component_ref idref="oc-218"/>
      </symbol>
      <symbol id="sm-7d3">
         <name>USBDescGet</name>
         <value>0x2609</value>
         <object_component_ref idref="oc-493"/>
      </symbol>
      <symbol id="sm-7d4">
         <name>USBDescGetNum</name>
         <value>0x265f</value>
         <object_component_ref idref="oc-479"/>
      </symbol>
      <symbol id="sm-83a">
         <name>USBBufferDataWritten</name>
         <value>0x29fd</value>
         <object_component_ref idref="oc-3c4"/>
      </symbol>
      <symbol id="sm-83b">
         <name>USBBufferSpaceAvailable</name>
         <value>0x2bab</value>
         <object_component_ref idref="oc-3c0"/>
      </symbol>
      <symbol id="sm-83c">
         <name>USBBufferInit</name>
         <value>0x2991</value>
         <object_component_ref idref="oc-16f"/>
      </symbol>
      <symbol id="sm-83d">
         <name>USBBufferEventCallback</name>
         <value>0x1c1d</value>
         <object_component_ref idref="oc-24f"/>
      </symbol>
      <symbol id="sm-83e">
         <name>USBBufferInfoGet</name>
         <value>0x2b0b</value>
         <object_component_ref idref="oc-3bc"/>
      </symbol>
      <symbol id="sm-83f">
         <name>USBBufferFlush</name>
         <value>0x2ba5</value>
         <object_component_ref idref="oc-30f"/>
      </symbol>
      <symbol id="sm-89f">
         <name>USBRingBufWrite</name>
         <value>0x28e5</value>
         <object_component_ref idref="oc-3eb"/>
      </symbol>
      <symbol id="sm-8a0">
         <name>USBRingBufContigUsed</name>
         <value>0x2a25</value>
         <object_component_ref idref="oc-450"/>
      </symbol>
      <symbol id="sm-8a1">
         <name>USBRingBufFlush</name>
         <value>0x2a39</value>
         <object_component_ref idref="oc-3c9"/>
      </symbol>
      <symbol id="sm-8a2">
         <name>USBRingBufAdvanceWrite</name>
         <value>0x23f9</value>
         <object_component_ref idref="oc-3e3"/>
      </symbol>
      <symbol id="sm-8a3">
         <name>USBRingBufWriteOne</name>
         <value>0x2abb</value>
         <object_component_ref idref="oc-458"/>
      </symbol>
      <symbol id="sm-8a4">
         <name>USBRingBufUsed</name>
         <value>0x29d3</value>
         <object_component_ref idref="oc-3d0"/>
      </symbol>
      <symbol id="sm-8a5">
         <name>USBRingBufFree</name>
         <value>0x2aa9</value>
         <object_component_ref idref="oc-3e7"/>
      </symbol>
      <symbol id="sm-8a6">
         <name>USBRingBufAdvanceRead</name>
         <value>0x2803</value>
         <object_component_ref idref="oc-3d5"/>
      </symbol>
      <symbol id="sm-8a7">
         <name>USBRingBufInit</name>
         <value>0x2b4b</value>
         <object_component_ref idref="oc-212"/>
      </symbol>
      <symbol id="sm-8a8">
         <name>USBRingBufContigFree</name>
         <value>0x28c9</value>
         <object_component_ref idref="oc-3de"/>
      </symbol>
      <symbol id="sm-975">
         <name>USBEndpointDataAvail</name>
         <value>0x27e5</value>
         <object_component_ref idref="oc-314"/>
      </symbol>
      <symbol id="sm-976">
         <name>USBDevDisconnect</name>
         <value>0x2b7f</value>
         <object_component_ref idref="oc-141"/>
      </symbol>
      <symbol id="sm-977">
         <name>USBDevEndpointStallClear</name>
         <value>0x1f8d</value>
         <object_component_ref idref="oc-3fe"/>
      </symbol>
      <symbol id="sm-978">
         <name>USBEndpointDataPut</name>
         <value>0x24f9</value>
         <object_component_ref idref="oc-27c"/>
      </symbol>
      <symbol id="sm-979">
         <name>USBDevAddrSet</name>
         <value>0x2bb7</value>
         <object_component_ref idref="oc-1ce"/>
      </symbol>
      <symbol id="sm-97a">
         <name>USBIntStatusControl</name>
         <value>0x2355</value>
         <object_component_ref idref="oc-d1"/>
      </symbol>
      <symbol id="sm-97b">
         <name>USBDevEndpointDataAck</name>
         <value>0x2721</value>
         <object_component_ref idref="oc-1d6"/>
      </symbol>
      <symbol id="sm-97c">
         <name>USBOTGMode</name>
         <value>0x2b91</value>
         <object_component_ref idref="oc-2e0"/>
      </symbol>
      <symbol id="sm-97d">
         <name>USBDevMode</name>
         <value>0x2b89</value>
         <object_component_ref idref="oc-2e4"/>
      </symbol>
      <symbol id="sm-97e">
         <name>USBIntEnableEndpoint</name>
         <value>0x2a11</value>
         <object_component_ref idref="oc-2ec"/>
      </symbol>
      <symbol id="sm-97f">
         <name>USBEndpointDataGet</name>
         <value>0x21e1</value>
         <object_component_ref idref="oc-1d2"/>
      </symbol>
      <symbol id="sm-980">
         <name>USBDevEndpointStatusClear</name>
         <value>0x1c7d</value>
         <object_component_ref idref="oc-1ca"/>
      </symbol>
      <symbol id="sm-981">
         <name>USBFIFOConfigSet</name>
         <value>0x2155</value>
         <object_component_ref idref="oc-473"/>
      </symbol>
      <symbol id="sm-982">
         <name>USBEndpointDataSend</name>
         <value>0x2529</value>
         <object_component_ref idref="oc-280"/>
      </symbol>
      <symbol id="sm-983">
         <name>USBIntStatusEndpoint</name>
         <value>0x2b3f</value>
         <object_component_ref idref="oc-139"/>
      </symbol>
      <symbol id="sm-984">
         <name>USBEndpointStatus</name>
         <value>0x2a97</value>
         <object_component_ref idref="oc-1c6"/>
      </symbol>
      <symbol id="sm-985">
         <name>USBDevEndpointStall</name>
         <value>0x23c3</value>
         <object_component_ref idref="oc-343"/>
      </symbol>
      <symbol id="sm-986">
         <name>USBDevConnect</name>
         <value>0x2b75</value>
         <object_component_ref idref="oc-2f5"/>
      </symbol>
      <symbol id="sm-987">
         <name>USBDevEndpointConfigSet</name>
         <value>0x18b9</value>
         <object_component_ref idref="oc-46b"/>
      </symbol>
      <symbol id="sm-988">
         <name>USBHostResume</name>
         <value>0x29a7</value>
         <object_component_ref idref="oc-1bc"/>
      </symbol>
      <symbol id="sm-989">
         <name>USBIntEnableControl</name>
         <value>0x2689</value>
         <object_component_ref idref="oc-2e8"/>
      </symbol>
      <symbol id="sm-9f7">
         <name>SysCtlDelay</name>
         <value>0x2b9f</value>
         <object_component_ref idref="oc-2f4"/>
      </symbol>
      <symbol id="sm-9f8">
         <name>SysCtlPeripheralEnable</name>
         <value>0x1d39</value>
         <object_component_ref idref="oc-2d8"/>
      </symbol>
      <symbol id="sm-9f9">
         <name>SysCtlClockGet</name>
         <value>0x6a5</value>
         <object_component_ref idref="oc-2f0"/>
      </symbol>
      <symbol id="sm-9fa">
         <name>SysCtlUSBPLLEnable</name>
         <value>0x2acd</value>
         <object_component_ref idref="oc-2dc"/>
      </symbol>
      <symbol id="sm-9fb">
         <name>SysCtlPeripheralReset</name>
         <value>0x1409</value>
         <object_component_ref idref="oc-2d4"/>
      </symbol>
      <symbol id="sm-9fc">
         <name>__TI_static_base__</name>
         <value>0x0</value>
      </symbol>
      <symbol id="sm-9ff">
         <name>SHT$$INIT_ARRAY$$Limit</name>
         <value>0x0</value>
      </symbol>
      <symbol id="sm-a00">
         <name>SHT$$INIT_ARRAY$$Base</name>
         <value>0x0</value>
      </symbol>
   </symbol_table>
   <title>Link successful</title>
</link_info>
