******************************************************************************
                  TI ARM Linker PC v15.12.3                    
******************************************************************************
>> Linked Thu Sep 15 11:07:50 2016

OUTPUT FILE NAME:   <Prueba1.out>
ENTRY POINT SYMBOL: "_c_int00"  address: 00001071


MEMORY CONFIGURATION

         name            origin    length      used     unused   attr    fill
----------------------  --------  ---------  --------  --------  ----  --------
  FLASH                 00000000   00040000  0000163e  0003e9c2  R  X
  SRAM                  20000000   00008000  00000240  00007dc0  RW X


SEGMENT ALLOCATION MAP

run origin  load origin   length   init length attrs members
----------  ----------- ---------- ----------- ----- -------
00000000    00000000    00001644   00001644    r-x
  00000000    00000000    0000026c   0000026c    r-- .intvecs
  0000026c    0000026c    000011d2   000011d2    r-x .text
  00001440    00001440    000001c4   000001c4    r-- .const
  00001608    00001608    0000003c   0000003c    r-- .cinit
20000000    20000000    00000240   00000000    rw-
  20000000    20000000    00000200   00000000    rw- .stack
  20000200    20000200    00000020   00000000    rw- .bss
  20000220    20000220    00000020   00000000    rw- .data


SECTION ALLOCATION MAP

 output                                  attributes/
section   page    origin      length       input sections
--------  ----  ----------  ----------   ----------------
.intvecs   0    00000000    0000026c     
                  00000000    0000026c     lm4f120h5qr_startup_ccs.obj (.intvecs)

.text      0    0000026c    000011d2     
                  0000026c    000004a8     uartstdio.obj (.text)
                  00000714    000001ec     main.obj (.text)
                  00000900    000001d8     driverlib-cm4f.lib : sysctl.obj (.text:SysCtlClockGet)
                  00000ad8    0000013c                        : sysctl.obj (.text:SysCtlClockSet)
                  00000c14    000000c8                        : gpio.obj (.text:GPIOPadConfigSet)
                  00000cdc    0000009c     rtsv7M4_T_le_v4SPD16_eabi.lib : memcpy_t2.obj (.text)
                  00000d78    0000007a                                   : memset_t2.obj (.text)
                  00000df2    00000002                                   : i_div0.obj (.text)
                  00000df4    00000078     driverlib-cm4f.lib : sysctl.obj (.text:SysCtlPeripheralPresent)
                  00000e6c    00000070     rtsv7M4_T_le_v4SPD16_eabi.lib : autoinit.obj (.text)
                  00000edc    0000006c     driverlib-cm4f.lib : adc.obj (.text:ADCSequenceStepConfigure)
                  00000f48    0000006a     rtsv7M4_T_le_v4SPD16_eabi.lib : copy_decompress_rle.obj (.text)
                  00000fb2    00000002                                   : mpu_init.obj (.text)
                  00000fb4    00000064     driverlib-cm4f.lib : interrupt.obj (.text:IntEnable)
                  00001018    00000058                        : sysctl.obj (.text:SysCtlPeripheralEnable)
                  00001070    00000054     rtsv7M4_T_le_v4SPD16_eabi.lib : boot.obj (.text)
                  000010c4    00000054                                   : exit.obj (.text)
                  00001118    0000004c                                   : cpy_tbl.obj (.text)
                  00001164    00000048     driverlib-cm4f.lib : gpio.obj (.text:GPIOPinConfigure)
                  000011ac    00000042                        : uart.obj (.text:UARTConfigSetExpClk)
                  000011ee    00000040     rtsv7M4_T_le_v4SPD16_eabi.lib : u_divt2.obj (.text)
                  0000122e    0000002e     driverlib-cm4f.lib : gpio.obj (.text:GPIODirModeSet)
                  0000125c    0000002a                        : adc.obj (.text:ADCSequenceConfigure)
                  00001286    00000002     rtsv7M4_T_le_v4SPD16_eabi.lib : startup.obj (.text)
                  00001288    00000028     driverlib-cm4f.lib : timer.obj (.text:TimerConfigure)
                  000012b0    00000020                        : adc.obj (.text:ADCSequenceDataGet)
                  000012d0    00000020                        : sysctl.obj (.text:SysCtlADCSpeedSet)
                  000012f0    0000001c                        : uart.obj (.text:UARTDisable)
                  0000130c    00000018     rtsv7M4_T_le_v4SPD16_eabi.lib : args_main.obj (.text)
                  00001324    00000016     driverlib-cm4f.lib : adc.obj (.text:ADCProcessorTrigger)
                  0000133a    00000014                        : uart.obj (.text:UARTEnable)
                  0000134e    00000002     --HOLE-- [fill = 0]
                  00001350    00000014     rtsv7M4_T_le_v4SPD16_eabi.lib : _lock.obj (.text)
                  00001364    00000012     driverlib-cm4f.lib : gpio.obj (.text:GPIOPinTypeGPIOOutput)
                  00001376    00000012                        : gpio.obj (.text:GPIOPinTypeUART)
                  00001388    00000012                        : timer.obj (.text:TimerLoadSet)
                  0000139a    0000000e                        : adc.obj (.text:ADCSequenceDisable)
                  000013a8    0000000e                        : adc.obj (.text:ADCSequenceEnable)
                  000013b6    0000000e                        : timer.obj (.text:TimerEnable)
                  000013c4    0000000e     rtsv7M4_T_le_v4SPD16_eabi.lib : copy_decompress_none.obj (.text:decompress:none)
                  000013d2    0000000c     driverlib-cm4f.lib : cpu.obj (.text:CPUcpsie)
                  000013de    0000000c     lm4f120h5qr_startup_ccs.obj (.text)
                  000013ea    0000000a     driverlib-cm4f.lib : gpio.obj (.text:GPIOPinWrite)
                  000013f4    0000000a                        : interrupt.obj (.text:IntMasterEnable)
                  000013fe    0000000a                        : uart.obj (.text:UARTCharGet)
                  00001408    0000000a                        : uart.obj (.text:UARTCharPut)
                  00001412    0000000a                        : uart.obj (.text:UARTFIFOEnable)
                  0000141c    00000008                        : timer.obj (.text:TimerIntEnable)
                  00001424    00000006                        : sysctl.obj (.text:SysCtlDelay)
                  0000142a    00000006                        : uart.obj (.text:UARTFIFOLevelSet)
                  00001430    00000006     rtsv7M4_T_le_v4SPD16_eabi.lib : copy_decompress_rle.obj (.text:decompress:rle24)
                  00001436    00000004     driverlib-cm4f.lib : timer.obj (.text:TimerIntClear)
                  0000143a    00000004     rtsv7M4_T_le_v4SPD16_eabi.lib : pre_init.obj (.text)

.const     0    00001440    000001c4     
                  00001440    00000078     driverlib-cm4f.lib : gpio.obj (.const:g_pulGPIOBaseAddrs)
                  000014b8    00000070                        : interrupt.obj (.const)
                  00001528    0000006c                        : sysctl.obj (.const:g_pulXtals)
                  00001594    00000040                        : sysctl.obj (.const)
                  000015d4    00000012     uartstdio.obj (.const:.string)
                  000015e6    00000002     --HOLE-- [fill = 0]
                  000015e8    0000000c     uartstdio.obj (.const:g_ulUARTBase)
                  000015f4    0000000c     uartstdio.obj (.const:g_ulUARTPeriph)
                  00001600    00000004     uartstdio.obj (.const)

.cinit     0    00001608    0000003c     
                  00001608    00000016     (.cinit..data.load) [load image, compression = rle]
                  0000161e    00000002     --HOLE-- [fill = 0]
                  00001620    00000009     (.cinit..bss.load) [load image, compression = rle]
                  00001629    00000003     --HOLE-- [fill = 0]
                  0000162c    00000008     (__TI_handler_table)
                  00001634    00000010     (__TI_cinit_table)

.init_array 
*          0    00000000    00000000     UNINITIALIZED

.stack     0    20000000    00000200     UNINITIALIZED
                  20000000    00000200     --HOLE--

.bss       0    20000200    00000020     UNINITIALIZED
                  20000200    00000010     (.common:ulADC0Value)
                  20000210    00000004     (.common:ulPeriod)
                  20000214    00000004     (.common:ulTempAvg)
                  20000218    00000004     (.common:ulTempValueC)
                  2000021c    00000004     (.common:ulTempValueF)

.data      0    20000220    00000020     UNINITIALIZED
                  20000220    0000000c     rtsv7M4_T_le_v4SPD16_eabi.lib : exit.obj (.data:$O1$$)
                  2000022c    00000008                                   : _lock.obj (.data:$O1$$)
                  20000234    00000005     uartstdio.obj (.data)
                  20000239    00000003     --HOLE--
                  2000023c    00000004     rtsv7M4_T_le_v4SPD16_eabi.lib : stkdepth_vars.obj (.data)

MODULE SUMMARY

       Module                        code   ro data   rw data
       ------                        ----   -------   -------
    .\
       uartstdio.obj                 1192   46        5      
       lm4f120h5qr_startup_ccs.obj   12     620       0      
       main.obj                      492    0         32     
    +--+-----------------------------+------+---------+---------+
       Total:                        1696   666       37     
                                                             
    C:/StellarisWare/driverlib/ccs-cm4f/Debug/driverlib-cm4f.lib
       sysctl.obj                    1034   172       0      
       gpio.obj                      364    120       0      
       adc.obj                       232    0         0      
       interrupt.obj                 110    112       0      
       uart.obj                      150    0         0      
       timer.obj                     84     0         0      
       cpu.obj                       12     0         0      
    +--+-----------------------------+------+---------+---------+
       Total:                        1986   404       0      
                                                             
    C:\ti\ccsv6\tools\compiler\arm_15.12.3.LTS\lib\rtsv7M4_T_le_v4SPD16_eabi.lib
       memcpy_t2.obj                 156    0         0      
       memset_t2.obj                 122    0         0      
       autoinit.obj                  112    0         0      
       copy_decompress_rle.obj       112    0         0      
       exit.obj                      84     0         12     
       boot.obj                      84     0         0      
       cpy_tbl.obj                   76     0         0      
       u_divt2.obj                   64     0         0      
       _lock.obj                     20     0         8      
       args_main.obj                 24     0         0      
       copy_decompress_none.obj      14     0         0      
       pre_init.obj                  4      0         0      
       stkdepth_vars.obj             0      0         4      
       i_div0.obj                    2      0         0      
       mpu_init.obj                  2      0         0      
       startup.obj                   2      0         0      
    +--+-----------------------------+------+---------+---------+
       Total:                        878    0         24     
                                                             
       Stack:                        0      0         512    
       Linker Generated:             0      55        0      
    +--+-----------------------------+------+---------+---------+
       Grand Total:                  4560   1125      573    


LINKER GENERATED COPY TABLES

__TI_cinit_table @ 00001634 records: 2, size/record: 8, table size: 16
	.data: load addr=00001608, load size=00000016 bytes, run addr=20000220, run size=00000020 bytes, compression=rle
	.bss: load addr=00001620, load size=00000009 bytes, run addr=20000200, run size=00000020 bytes, compression=rle


LINKER GENERATED HANDLER TABLE

__TI_handler_table @ 0000162c records: 2, size/record: 4, table size: 8
	index: 0, handler: __TI_decompress_rle24
	index: 1, handler: __TI_decompress_none


GLOBAL SYMBOLS: SORTED ALPHABETICALLY BY Name 

address   name                           
-------   ----                           
00001325  ADCProcessorTrigger            
0000125d  ADCSequenceConfigure           
000012b1  ADCSequenceDataGet             
0000139b  ADCSequenceDisable             
000013a9  ADCSequenceEnable              
00000edd  ADCSequenceStepConfigure       
000010c5  C$$EXIT                        
000013d3  CPUcpsie                       
0000122f  GPIODirModeSet                 
00000c15  GPIOPadConfigSet               
00001165  GPIOPinConfigure               
00001365  GPIOPinTypeGPIOOutput          
00001377  GPIOPinTypeUART                
000013eb  GPIOPinWrite                   
00000fb5  IntEnable                      
000013f5  IntMasterEnable                
000013df  ResetISR                       
UNDEFED   SHT$$INIT_ARRAY$$Base          
UNDEFED   SHT$$INIT_ARRAY$$Limit         
000012d1  SysCtlADCSpeedSet              
00000901  SysCtlClockGet                 
00000ad9  SysCtlClockSet                 
00001425  SysCtlDelay                    
00001019  SysCtlPeripheralEnable         
00000df5  SysCtlPeripheralPresent        
00000877  Timer0IntHandler               
00001289  TimerConfigure                 
000013b7  TimerEnable                    
00001437  TimerIntClear                  
0000141d  TimerIntEnable                 
00001389  TimerLoadSet                   
000013ff  UARTCharGet                    
00001409  UARTCharPut                    
000011ad  UARTConfigSetExpClk            
000012f1  UARTDisable                    
0000133b  UARTEnable                     
00001413  UARTFIFOEnable                 
0000142b  UARTFIFOLevelSet               
0000026d  UARTStdioConfig                
000002b3  UARTStdioInit                  
000002c9  UARTStdioInitExpClk            
000003dd  UARTgetc                       
00000325  UARTgets                       
00000405  UARTprintf                     
000002df  UARTwrite                      
20000200  __STACK_END                    
00000200  __STACK_SIZE                   
20000200  __STACK_TOP                    
00001634  __TI_CINIT_Base                
00001644  __TI_CINIT_Limit               
0000162c  __TI_Handler_Table_Base        
00001634  __TI_Handler_Table_Limit       
00000e6d  __TI_auto_init                 
20000220  __TI_cleanup_ptr               
000013c5  __TI_decompress_none           
00001431  __TI_decompress_rle24          
20000224  __TI_dtors_ptr                 
20000228  __TI_enable_exit_profile_output
ffffffff  __TI_pprof_out_hndl            
ffffffff  __TI_prof_data_size            
ffffffff  __TI_prof_data_start           
00000000  __TI_static_base__             
00000df3  __aeabi_idiv0                  
00000d79  __aeabi_memclr                 
00000d79  __aeabi_memclr4                
00000d79  __aeabi_memclr8                
00000cdd  __aeabi_memcpy                 
00000cdd  __aeabi_memcpy4                
00000cdd  __aeabi_memcpy8                
00000d7b  __aeabi_memset                 
00000d7b  __aeabi_memset4                
00000d7b  __aeabi_memset8                
000011ef  __aeabi_uidiv                  
000011ef  __aeabi_uidivmod               
ffffffff  __binit__                      
ffffffff  __c_args__                     
00000fb3  __mpu_init                     
20000000  __stack                        
0000130d  _args_main                     
00001071  _c_int00                       
2000022c  _lock                          
0000135f  _nop                           
00001357  _register_lock                 
00001351  _register_unlock               
00001287  _system_post_cinit             
0000143b  _system_pre_init               
20000230  _unlock                        
000010c9  abort                          
ffffffff  binit                          
00001119  copy_in                        
000010d1  exit                           
00000000  g_pfnVectors                   
00000715  main                           
2000023c  main_func_sp                   
00000cdd  memcpy                         
00000d81  memset                         
20000200  ulADC0Value                    
20000210  ulPeriod                       
20000214  ulTempAvg                      
20000218  ulTempValueC                   
2000021c  ulTempValueF                   


GLOBAL SYMBOLS: SORTED BY Symbol Address 

address   name                           
-------   ----                           
00000000  __TI_static_base__             
00000000  g_pfnVectors                   
00000200  __STACK_SIZE                   
0000026d  UARTStdioConfig                
000002b3  UARTStdioInit                  
000002c9  UARTStdioInitExpClk            
000002df  UARTwrite                      
00000325  UARTgets                       
000003dd  UARTgetc                       
00000405  UARTprintf                     
00000715  main                           
00000877  Timer0IntHandler               
00000901  SysCtlClockGet                 
00000ad9  SysCtlClockSet                 
00000c15  GPIOPadConfigSet               
00000cdd  __aeabi_memcpy                 
00000cdd  __aeabi_memcpy4                
00000cdd  __aeabi_memcpy8                
00000cdd  memcpy                         
00000d79  __aeabi_memclr                 
00000d79  __aeabi_memclr4                
00000d79  __aeabi_memclr8                
00000d7b  __aeabi_memset                 
00000d7b  __aeabi_memset4                
00000d7b  __aeabi_memset8                
00000d81  memset                         
00000df3  __aeabi_idiv0                  
00000df5  SysCtlPeripheralPresent        
00000e6d  __TI_auto_init                 
00000edd  ADCSequenceStepConfigure       
00000fb3  __mpu_init                     
00000fb5  IntEnable                      
00001019  SysCtlPeripheralEnable         
00001071  _c_int00                       
000010c5  C$$EXIT                        
000010c9  abort                          
000010d1  exit                           
00001119  copy_in                        
00001165  GPIOPinConfigure               
000011ad  UARTConfigSetExpClk            
000011ef  __aeabi_uidiv                  
000011ef  __aeabi_uidivmod               
0000122f  GPIODirModeSet                 
0000125d  ADCSequenceConfigure           
00001287  _system_post_cinit             
00001289  TimerConfigure                 
000012b1  ADCSequenceDataGet             
000012d1  SysCtlADCSpeedSet              
000012f1  UARTDisable                    
0000130d  _args_main                     
00001325  ADCProcessorTrigger            
0000133b  UARTEnable                     
00001351  _register_unlock               
00001357  _register_lock                 
0000135f  _nop                           
00001365  GPIOPinTypeGPIOOutput          
00001377  GPIOPinTypeUART                
00001389  TimerLoadSet                   
0000139b  ADCSequenceDisable             
000013a9  ADCSequenceEnable              
000013b7  TimerEnable                    
000013c5  __TI_decompress_none           
000013d3  CPUcpsie                       
000013df  ResetISR                       
000013eb  GPIOPinWrite                   
000013f5  IntMasterEnable                
000013ff  UARTCharGet                    
00001409  UARTCharPut                    
00001413  UARTFIFOEnable                 
0000141d  TimerIntEnable                 
00001425  SysCtlDelay                    
0000142b  UARTFIFOLevelSet               
00001431  __TI_decompress_rle24          
00001437  TimerIntClear                  
0000143b  _system_pre_init               
0000162c  __TI_Handler_Table_Base        
00001634  __TI_CINIT_Base                
00001634  __TI_Handler_Table_Limit       
00001644  __TI_CINIT_Limit               
20000000  __stack                        
20000200  __STACK_END                    
20000200  __STACK_TOP                    
20000200  ulADC0Value                    
20000210  ulPeriod                       
20000214  ulTempAvg                      
20000218  ulTempValueC                   
2000021c  ulTempValueF                   
20000220  __TI_cleanup_ptr               
20000224  __TI_dtors_ptr                 
20000228  __TI_enable_exit_profile_output
2000022c  _lock                          
20000230  _unlock                        
2000023c  main_func_sp                   
ffffffff  __TI_pprof_out_hndl            
ffffffff  __TI_prof_data_size            
ffffffff  __TI_prof_data_start           
ffffffff  __binit__                      
ffffffff  __c_args__                     
ffffffff  binit                          
UNDEFED   SHT$$INIT_ARRAY$$Base          
UNDEFED   SHT$$INIT_ARRAY$$Limit         

[101 symbols]
